../Core/Src/main.c:95:5:main	8	static
../Core/Src/main.c:177:6:SystemClock_Config	88	static
../Core/Src/main.c:223:13:MX_ADC1_Init	24	static
../Core/Src/main.c:269:13:MX_I2C1_Init	8	static
../Core/Src/main.c:302:13:MX_TIM1_Init	32	static
../Core/Src/main.c:347:13:MX_GPIO_Init	40	static
../Core/Src/main.c:417:6:StartStateMachineTask	16	static
../Core/Src/main.c:435:6:StartDefaultTask	16	static
../Core/Src/main.c:455:6:HAL_TIM_PeriodElapsedCallback	16	static
../Core/Src/main.c:473:6:Error_Handler	8	static,ignoring_inline_asm
