../Core/Src/main.c:97:5:main	8	static
../Core/Src/main.c:180:6:SystemClock_Config	88	static
../Core/Src/main.c:227:13:MX_ADC1_Init	24	static
../Core/Src/main.c:274:13:MX_I2C1_Init	8	static
../Core/Src/main.c:308:13:MX_TIM1_Init	32	static
../Core/Src/main.c:355:13:MX_GPIO_Init	40	static
../Core/Src/main.c:430:6:StartStateMachineTask	16	static
../Core/Src/main.c:447:6:StartDefaultTask	16	static
../Core/Src/main.c:467:6:HAL_TIM_PeriodElapsedCallback	16	static
../Core/Src/main.c:485:6:Error_Handler	8	static,ignoring_inline_asm
