../Core/Src/uart.c:53:6:MX_USART1_UART_Init	8	static
../Core/Src/uart.c:84:6:send_UART1	16	static
../Core/Src/uart.c:89:6:clear_rx_buffer1	8	static
../Core/Src/uart.c:100:6:MX_USART2_UART_Init	8	static
../Core/Src/uart.c:130:6:send_UART2	16	static
../Core/Src/uart.c:136:6:clear_rx_buffer2	8	static
../Core/Src/uart.c:146:6:MX_USART3_UART_Init	8	static
../Core/Src/uart.c:178:6:send_UART3	16	static
../Core/Src/uart.c:183:6:clear_rx_buffer3	8	static
../Core/Src/uart.c:189:6:HAL_UART_RxCpltCallback	16	static
../Core/Src/uart.c:249:6:Check_UART1_Timeout	8	static
