../Core/Src/uart.c:43:6:MX_USART1_UART_Init	8	static
../Core/Src/uart.c:73:6:RS232_418_Init	8	static
../Core/Src/uart.c:78:6:send_UART1	16	static
../Core/Src/uart.c:83:6:process_UART1_data	4	static
../Core/Src/uart.c:98:6:MX_USART2_UART_Init	8	static
../Core/Src/uart.c:126:6:RS485_Init	8	static
../Core/Src/uart.c:131:6:send_UART2	16	static
../Core/Src/uart.c:137:6:process_UART2_data	4	static
../Core/Src/uart.c:156:6:MX_USART3_UART_Init	8	static
../Core/Src/uart.c:185:6:RS232_COM_Init	8	static
../Core/Src/uart.c:190:6:send_UART3	16	static
../Core/Src/uart.c:195:6:process_UART3_data	4	static
../Core/Src/uart.c:206:6:HAL_UART_RxCpltCallback	16	static
