Archive member included to satisfy reference by file (symbol)

D:/Logiciels/STM32cubeIDE/STM32CubeIDE_1.18.0/STM32CubeIDE/plugins/com.st.stm32cube.ide.mcu.externaltools.gnu-tools-for-stm32.13.3.rel1.win32_1.0.0.202411081344/tools/bin/../lib/gcc/arm-none-eabi/13.3.1/../../../../arm-none-eabi/lib/thumb/v7-m/nofp\libc_nano.a(libc_a-exit.o)
                              D:/Logiciels/STM32cubeIDE/STM32CubeIDE_1.18.0/STM32CubeIDE/plugins/com.st.stm32cube.ide.mcu.externaltools.gnu-tools-for-stm32.13.3.rel1.win32_1.0.0.202411081344/tools/bin/../lib/gcc/arm-none-eabi/13.3.1/../../../../arm-none-eabi/lib/thumb/v7-m/nofp/crt0.o (exit)
D:/Logiciels/STM32cubeIDE/STM32CubeIDE_1.18.0/STM32CubeIDE/plugins/com.st.stm32cube.ide.mcu.externaltools.gnu-tools-for-stm32.13.3.rel1.win32_1.0.0.202411081344/tools/bin/../lib/gcc/arm-none-eabi/13.3.1/../../../../arm-none-eabi/lib/thumb/v7-m/nofp\libc_nano.a(libc_a-findfp.o)
                              ./Middlewares/Third_Party/FreeRTOS/Source/tasks.o (__sf)
D:/Logiciels/STM32cubeIDE/STM32CubeIDE_1.18.0/STM32CubeIDE/plugins/com.st.stm32cube.ide.mcu.externaltools.gnu-tools-for-stm32.13.3.rel1.win32_1.0.0.202411081344/tools/bin/../lib/gcc/arm-none-eabi/13.3.1/../../../../arm-none-eabi/lib/thumb/v7-m/nofp\libc_nano.a(libc_a-fwalk.o)
                              D:/Logiciels/STM32cubeIDE/STM32CubeIDE_1.18.0/STM32CubeIDE/plugins/com.st.stm32cube.ide.mcu.externaltools.gnu-tools-for-stm32.13.3.rel1.win32_1.0.0.202411081344/tools/bin/../lib/gcc/arm-none-eabi/13.3.1/../../../../arm-none-eabi/lib/thumb/v7-m/nofp\libc_nano.a(libc_a-findfp.o) (_fwalk_sglue)
D:/Logiciels/STM32cubeIDE/STM32CubeIDE_1.18.0/STM32CubeIDE/plugins/com.st.stm32cube.ide.mcu.externaltools.gnu-tools-for-stm32.13.3.rel1.win32_1.0.0.202411081344/tools/bin/../lib/gcc/arm-none-eabi/13.3.1/../../../../arm-none-eabi/lib/thumb/v7-m/nofp\libc_nano.a(libc_a-sprintf.o)
                              ./Core/Src/StateMachine.o (sprintf)
D:/Logiciels/STM32cubeIDE/STM32CubeIDE_1.18.0/STM32CubeIDE/plugins/com.st.stm32cube.ide.mcu.externaltools.gnu-tools-for-stm32.13.3.rel1.win32_1.0.0.202411081344/tools/bin/../lib/gcc/arm-none-eabi/13.3.1/../../../../arm-none-eabi/lib/thumb/v7-m/nofp\libc_nano.a(libc_a-stdio.o)
                              D:/Logiciels/STM32cubeIDE/STM32CubeIDE_1.18.0/STM32CubeIDE/plugins/com.st.stm32cube.ide.mcu.externaltools.gnu-tools-for-stm32.13.3.rel1.win32_1.0.0.202411081344/tools/bin/../lib/gcc/arm-none-eabi/13.3.1/../../../../arm-none-eabi/lib/thumb/v7-m/nofp\libc_nano.a(libc_a-findfp.o) (__sread)
D:/Logiciels/STM32cubeIDE/STM32CubeIDE_1.18.0/STM32CubeIDE/plugins/com.st.stm32cube.ide.mcu.externaltools.gnu-tools-for-stm32.13.3.rel1.win32_1.0.0.202411081344/tools/bin/../lib/gcc/arm-none-eabi/13.3.1/../../../../arm-none-eabi/lib/thumb/v7-m/nofp\libc_nano.a(libc_a-memset.o)
                              D:/Logiciels/STM32cubeIDE/STM32CubeIDE_1.18.0/STM32CubeIDE/plugins/com.st.stm32cube.ide.mcu.externaltools.gnu-tools-for-stm32.13.3.rel1.win32_1.0.0.202411081344/tools/bin/../lib/gcc/arm-none-eabi/13.3.1/../../../../arm-none-eabi/lib/thumb/v7-m/nofp/crt0.o (memset)
D:/Logiciels/STM32cubeIDE/STM32CubeIDE_1.18.0/STM32CubeIDE/plugins/com.st.stm32cube.ide.mcu.externaltools.gnu-tools-for-stm32.13.3.rel1.win32_1.0.0.202411081344/tools/bin/../lib/gcc/arm-none-eabi/13.3.1/../../../../arm-none-eabi/lib/thumb/v7-m/nofp\libc_nano.a(libc_a-strstr.o)
                              ./Core/Src/StateMachine.o (strstr)
D:/Logiciels/STM32cubeIDE/STM32CubeIDE_1.18.0/STM32CubeIDE/plugins/com.st.stm32cube.ide.mcu.externaltools.gnu-tools-for-stm32.13.3.rel1.win32_1.0.0.202411081344/tools/bin/../lib/gcc/arm-none-eabi/13.3.1/../../../../arm-none-eabi/lib/thumb/v7-m/nofp\libc_nano.a(libc_a-closer.o)
                              D:/Logiciels/STM32cubeIDE/STM32CubeIDE_1.18.0/STM32CubeIDE/plugins/com.st.stm32cube.ide.mcu.externaltools.gnu-tools-for-stm32.13.3.rel1.win32_1.0.0.202411081344/tools/bin/../lib/gcc/arm-none-eabi/13.3.1/../../../../arm-none-eabi/lib/thumb/v7-m/nofp\libc_nano.a(libc_a-stdio.o) (_close_r)
D:/Logiciels/STM32cubeIDE/STM32CubeIDE_1.18.0/STM32CubeIDE/plugins/com.st.stm32cube.ide.mcu.externaltools.gnu-tools-for-stm32.13.3.rel1.win32_1.0.0.202411081344/tools/bin/../lib/gcc/arm-none-eabi/13.3.1/../../../../arm-none-eabi/lib/thumb/v7-m/nofp\libc_nano.a(libc_a-reent.o)
                              ./Middlewares/Third_Party/FreeRTOS/Source/tasks.o (_reclaim_reent)
D:/Logiciels/STM32cubeIDE/STM32CubeIDE_1.18.0/STM32CubeIDE/plugins/com.st.stm32cube.ide.mcu.externaltools.gnu-tools-for-stm32.13.3.rel1.win32_1.0.0.202411081344/tools/bin/../lib/gcc/arm-none-eabi/13.3.1/../../../../arm-none-eabi/lib/thumb/v7-m/nofp\libc_nano.a(libc_a-impure.o)
                              ./Middlewares/Third_Party/FreeRTOS/Source/tasks.o (_impure_ptr)
[...]
Memory Configuration

Name             Origin             Length             Attributes
RAM              0x20000000         0x00005000         xrw
FLASH            0x08000000         0x00010000         xr
*default*        0x00000000         0xffffffff

Linker script and memory map

LOAD D:/Logiciels/STM32cubeIDE/STM32CubeIDE_1.18.0/STM32CubeIDE/plugins/com.st.stm32cube.ide.mcu.externaltools.gnu-tools-for-stm32.13.3.rel1.win32_1.0.0.202411081344/tools/bin/../lib/gcc/arm-none-eabi/13.3.1/thumb/v7-m/nofp/crti.o
LOAD D:/Logiciels/STM32cubeIDE/STM32CubeIDE_1.18.0/STM32CubeIDE/plugins/com.st.stm32cube.ide.mcu.externaltools.gnu-tools-for-stm32.13.3.rel1.win32_1.0.0.202411081344/tools/bin/../lib/gcc/arm-none-eabi/13.3.1/thumb/v7-m/nofp/crtbegin.o
LOAD D:/Logiciels/STM32cubeIDE/STM32CubeIDE_1.18.0/STM32CubeIDE/plugins/com.st.stm32cube.ide.mcu.externaltools.gnu-tools-for-stm32.13.3.rel1.win32_1.0.0.202411081344/tools/bin/../lib/gcc/arm-none-eabi/13.3.1/../../../../arm-none-eabi/lib/thumb/v7-m/nofp/crt0.o
LOAD ./Core/Src/StateMachine.o
LOAD ./Core/Src/freertos.o
LOAD ./Core/Src/main.o
LOAD ./Core/Src/stm32f1xx_hal_msp.o
LOAD ./Core/Src/stm32f1xx_hal_timebase_tim.o
LOAD ./Core/Src/stm32f1xx_it.o
LOAD ./Core/Src/syscalls.o
LOAD ./Core/Src/sysmem.o
LOAD ./Core/Src/system_stm32f1xx.o
LOAD ./Core/Src/uart.o
LOAD ./Core/Startup/startup_stm32f103c8tx.o
LOAD ./Drivers/STM32F1xx_HAL_Driver/Src/stm32f1xx_hal.o
LOAD ./Drivers/STM32F1xx_HAL_Driver/Src/stm32f1xx_hal_adc.o
LOAD ./Drivers/STM32F1xx_HAL_Driver/Src/stm32f1xx_hal_adc_ex.o
LOAD ./Drivers/STM32F1xx_HAL_Driver/Src/stm32f1xx_hal_cortex.o
LOAD ./Drivers/STM32F1xx_HAL_Driver/Src/stm32f1xx_hal_dma.o
LOAD ./Drivers/STM32F1xx_HAL_Driver/Src/stm32f1xx_hal_exti.o
LOAD ./Drivers/STM32F1xx_HAL_Driver/Src/stm32f1xx_hal_flash.o
LOAD ./Drivers/STM32F1xx_HAL_Driver/Src/stm32f1xx_hal_flash_ex.o
LOAD ./Drivers/STM32F1xx_HAL_Driver/Src/stm32f1xx_hal_gpio.o
LOAD ./Drivers/STM32F1xx_HAL_Driver/Src/stm32f1xx_hal_gpio_ex.o
LOAD ./Drivers/STM32F1xx_HAL_Driver/Src/stm32f1xx_hal_i2c.o
LOAD ./Drivers/STM32F1xx_HAL_Driver/Src/stm32f1xx_hal_pwr.o
LOAD ./Drivers/STM32F1xx_HAL_Driver/Src/stm32f1xx_hal_rcc.o
LOAD ./Drivers/STM32F1xx_HAL_Driver/Src/stm32f1xx_hal_rcc_ex.o
LOAD ./Drivers/STM32F1xx_HAL_Driver/Src/stm32f1xx_hal_tim.o
LOAD ./Drivers/STM32F1xx_HAL_Driver/Src/stm32f1xx_hal_tim_ex.o
LOAD ./Drivers/STM32F1xx_HAL_Driver/Src/stm32f1xx_hal_uart.o
LOAD ./Middlewares/Third_Party/FreeRTOS/Source/CMSIS_RTOS_V2/cmsis_os2.o
LOAD ./Middlewares/Third_Party/FreeRTOS/Source/croutine.o
LOAD ./Middlewares/Third_Party/FreeRTOS/Source/event_groups.o
LOAD ./Middlewares/Third_Party/FreeRTOS/Source/list.o
LOAD ./Middlewares/Third_Party/FreeRTOS/Source/queue.o
LOAD ./Middlewares/Third_Party/FreeRTOS/Source/stream_buffer.o
LOAD ./Middlewares/Third_Party/FreeRTOS/Source/tasks.o
LOAD ./Middlewares/Third_Party/FreeRTOS/Source/timers.o
LOAD ./Middlewares/Third_Party/FreeRTOS/Source/portable/GCC/ARM_CM3/port.o
LOAD ./Middlewares/Third_Party/FreeRTOS/Source/portable/MemMang/heap_4.o
START GROUP
LOAD D:/Logiciels/STM32cubeIDE/STM32CubeIDE_1.18.0/STM32CubeIDE/plugins/com.st.stm32cube.ide.mcu.externaltools.gnu-tools-for-stm32.13.3.rel1.win32_1.0.0.202411081344/tools/bin/../lib/gcc/arm-none-eabi/13.3.1/../../../../arm-none-eabi/lib/thumb/v7-m/nofp\libc_nano.a
LOAD D:/Logiciels/STM32cubeIDE/STM32CubeIDE_1.18.0/STM32CubeIDE/plugins/com.st.stm32cube.ide.mcu.externaltools.gnu-tools-for-stm32.13.3.rel1.win32_1.0.0.202411081344/tools/bin/../lib/gcc/arm-none-eabi/13.3.1/../../../../arm-none-eabi/lib/thumb/v7-m/nofp\libm.a
END GROUP
START GROUP
LOAD D:/Logiciels/STM32cubeIDE/STM32CubeIDE_1.18.0/STM32CubeIDE/plugins/com.st.stm32cube.ide.mcu.externaltools.gnu-tools-for-stm32.13.3.rel1.win32_1.0.0.202411081344/tools/bin/../lib/gcc/arm-none-eabi/13.3.1/thumb/v7-m/nofp\libgcc.a
LOAD D:/Logiciels/STM32cubeIDE/STM32CubeIDE_1.18.0/STM32CubeIDE/plugins/com.st.stm32cube.ide.mcu.externaltools.gnu-tools-for-stm32.13.3.rel1.win32_1.0.0.202411081344/tools/bin/../lib/gcc/arm-none-eabi/13.3.1/../../../../arm-none-eabi/lib/thumb/v7-m/nofp\libc_nano.a
END GROUP
START GROUP
LOAD D:/Logiciels/STM32cubeIDE/STM32CubeIDE_1.18.0/STM32CubeIDE/plugins/com.st.stm32cube.ide.mcu.externaltools.gnu-tools-for-stm32.13.3.rel1.win32_1.0.0.202411081344/tools/bin/../lib/gcc/arm-none-eabi/13.3.1/thumb/v7-m/nofp\libgcc.a
LOAD D:/Logiciels/STM32cubeIDE/STM32CubeIDE_1.18.0/STM32CubeIDE/plugins/com.st.stm32cube.ide.mcu.externaltools.gnu-tools-for-stm32.13.3.rel1.win32_1.0.0.202411081344/tools/bin/../lib/gcc/arm-none-eabi/13.3.1/../../../../arm-none-eabi/lib/thumb/v7-m/nofp\libc_nano.a
LOAD D:/Logiciels/STM32cubeIDE/STM32CubeIDE_1.18.0/STM32CubeIDE/plugins/com.st.stm32cube.ide.mcu.externaltools.gnu-tools-for-stm32.13.3.rel1.win32_1.0.0.202411081344/tools/bin/../lib/gcc/arm-none-eabi/13.3.1/../../../../arm-none-eabi/lib/thumb/v7-m/nofp\libnosys.a
END GROUP
START GROUP
LOAD D:/Logiciels/STM32cubeIDE/STM32CubeIDE_1.18.0/STM32CubeIDE/plugins/com.st.stm32cube.ide.mcu.externaltools.gnu-tools-for-stm32.13.3.rel1.win32_1.0.0.202411081344/tools/bin/../lib/gcc/arm-none-eabi/13.3.1/thumb/v7-m/nofp\libgcc.a
LOAD D:/Logiciels/STM32cubeIDE/STM32CubeIDE_1.18.0/STM32CubeIDE/plugins/com.st.stm32cube.ide.mcu.externaltools.gnu-tools-for-stm32.13.3.rel1.win32_1.0.0.202411081344/tools/bin/../lib/gcc/arm-none-eabi/13.3.1/../../../../arm-none-eabi/lib/thumb/v7-m/nofp\libc_nano.a
LOAD D:/Logiciels/STM32cubeIDE/STM32CubeIDE_1.18.0/STM32CubeIDE/plugins/com.st.stm32cube.ide.mcu.externaltools.gnu-tools-for-stm32.13.3.rel1.win32_1.0.0.202411081344/tools/bin/../lib/gcc/arm-none-eabi/13.3.1/../../../../arm-none-eabi/lib/thumb/v7-m/nofp\libnosys.a
END GROUP
LOAD D:/Logiciels/STM32cubeIDE/STM32CubeIDE_1.18.0/STM32CubeIDE/plugins/com.st.stm32cube.ide.mcu.externaltools.gnu-tools-for-stm32.13.3.rel1.win32_1.0.0.202411081344/tools/bin/../lib/gcc/arm-none-eabi/13.3.1/thumb/v7-m/nofp/crtend.o
LOAD D:/Logiciels/STM32cubeIDE/STM32CubeIDE_1.18.0/STM32CubeIDE/plugins/com.st.stm32cube.ide.mcu.externaltools.gnu-tools-for-stm32.13.3.rel1.win32_1.0.0.202411081344/tools/bin/../lib/gcc/arm-none-eabi/13.3.1/thumb/v7-m/nofp/crtn.o
                0x20005000                        _estack = (ORIGIN (RAM) + LENGTH (RAM))
                0x00000200                        _Min_Heap_Size = 0x200
                0x00000400                        _Min_Stack_Size = 0x400

.isr_vector     0x08000000      0x10c
                0x08000000                        . = ALIGN (0x4)
 *(.isr_vector)
 .isr_vector    0x08000000      0x10c ./Core/Startup/startup_stm32f103c8tx.o
                0x08000000                g_pfnVectors
                0x0800010c                        . = ALIGN (0x4)

.text           0x08000110     0x6998
                0x08000110                        . = ALIGN (0x4)
 *(.text)
 .text          0x08000110       0x40 D:/Logiciels/STM32cubeIDE/STM32CubeIDE_1.18.0/STM32CubeIDE/plugins/com.st.stm32cube.ide.mcu.externaltools.gnu-tools-for-stm32.13.3.rel1.win32_1.0.0.202411081344/tools/bin/../lib/gcc/arm-none-eabi/13.3.1/thumb/v7-m/nofp/crtbegin.o
 .text          0x08000150       0x10 D:/Logiciels/STM32cubeIDE/STM32CubeIDE_1.18.0/STM32CubeIDE/plugins/com.st.stm32cube.ide.mcu.externaltools.gnu-tools-for-stm32.13.3.rel1.win32_1.0.0.202411081344/tools/bin/../lib/gcc/arm-none-eabi/13.3.1/../../../../arm-none-eabi/lib/thumb/v7-m/nofp\libc_nano.a(libc_a-strlen.o)
                0x08000150                strlen
 .text          0x08000160       0xec D:/Logiciels/STM32cubeIDE/STM32CubeIDE_1.18.0/STM32CubeIDE/plugins/com.st.stm32cube.ide.mcu.externaltools.gnu-tools-for-stm32.13.3.rel1.win32_1.0.0.202411081344/tools/bin/../lib/gcc/arm-none-eabi/13.3.1/thumb/v7-m/nofp\libgcc.a(_arm_cmpsf2.o)
                0x08000160                __gesf2
                0x08000160                __gtsf2
                0x08000168                __lesf2
                0x08000168                __ltsf2
                0x08000170                __nesf2
                0x08000170                __eqsf2
                0x08000170                __cmpsf2
                0x080001d0                __aeabi_cfrcmple
                0x080001d8                __aeabi_cfcmpeq
                0x080001d8                __aeabi_cfcmple
                0x080001e8                __aeabi_fcmpeq
                0x080001fc                __aeabi_fcmplt
                0x08000210                __aeabi_fcmple
                0x08000224                __aeabi_fcmpge
                0x08000238                __aeabi_fcmpgt
 *(.text*)
 .text.StateMachineTask
                0x0800024c      0x52c ./Core/Src/StateMachine.o
                0x0800024c                StateMachineTask
 .text.vApplicationGetIdleTaskMemory
                0x08000778       0x30 ./Core/Src/freertos.o
                0x08000778                vApplicationGetIdleTaskMemory
 .text.main     0x080007a8       0x6c ./Core/Src/main.o
                0x080007a8                main
 .text.SystemClock_Config
                0x08000814       0xb6 ./Core/Src/main.o
                0x08000814                SystemClock_Config
 *fill*         0x080008ca        0x2 
 .text.MX_ADC1_Init
                0x080008cc       0x7c ./Core/Src/main.o
 .text.MX_I2C1_Init
                0x08000948       0x5c ./Core/Src/main.o
 .text.MX_TIM1_Init
                0x080009a4       0xa0 ./Core/Src/main.o
 .text.MX_USART2_UART_Init
                0x08000a44       0x54 ./Core/Src/main.o
                0x08000a44                MX_USART2_UART_Init
 .text.MX_GPIO_Init
                0x08000a98      0x15c ./Core/Src/main.o
 .text.StartStateMachineTask
                0x08000bf4        0xe ./Core/Src/main.o
                0x08000bf4                StartStateMachineTask
 *fill*         0x08000c02        0x2 
 .text.StartDefaultTask
                0x08000c04       0x20 ./Core/Src/main.o
                0x08000c04                StartDefaultTask
 .text.HAL_TIM_PeriodElapsedCallback
                0x08000c24       0x1e ./Core/Src/main.o
                0x08000c24                HAL_TIM_PeriodElapsedCallback
 .text.Error_Handler
                0x08000c42        0xc ./Core/Src/main.o
                0x08000c42                Error_Handler
 *fill*         0x08000c4e        0x2 
 .text.HAL_MspInit
                0x08000c50       0x70 ./Core/Src/stm32f1xx_hal_msp.o
                0x08000c50                HAL_MspInit
 .text.HAL_ADC_MspInit
                0x08000cc0       0x78 ./Core/Src/stm32f1xx_hal_msp.o
                0x08000cc0                HAL_ADC_MspInit
 .text.HAL_I2C_MspInit
                0x08000d38       0xa0 ./Core/Src/stm32f1xx_hal_msp.o
                0x08000d38                HAL_I2C_MspInit
 .text.HAL_TIM_Base_MspInit
                0x08000dd8       0x3c ./Core/Src/stm32f1xx_hal_msp.o
                0x08000dd8                HAL_TIM_Base_MspInit
 .text.HAL_UART_MspInit
                0x08000e14      0x180 ./Core/Src/stm32f1xx_hal_msp.o
                0x08000e14                HAL_UART_MspInit
 .text.HAL_InitTick
                0x08000f94       0xf8 ./Core/Src/stm32f1xx_hal_timebase_tim.o
                0x08000f94                HAL_InitTick
 .text.NMI_Handler
                0x0800108c        0x8 ./Core/Src/stm32f1xx_it.o
                0x0800108c                NMI_Handler
 .text.HardFault_Handler
                0x08001094        0x8 ./Core/Src/stm32f1xx_it.o
                0x08001094                HardFault_Handler
 .text.MemManage_Handler
                0x0800109c        0x8 ./Core/Src/stm32f1xx_it.o
                0x0800109c                MemManage_Handler
 .text.BusFault_Handler
                0x080010a4        0x8 ./Core/Src/stm32f1xx_it.o
                0x080010a4                BusFault_Handler
 .text.UsageFault_Handler
                0x080010ac        0x8 ./Core/Src/stm32f1xx_it.o
                0x080010ac                UsageFault_Handler
 .text.DebugMon_Handler
                0x080010b4        0xc ./Core/Src/stm32f1xx_it.o
                0x080010b4                DebugMon_Handler
 .text.TIM2_IRQHandler
                0x080010c0       0x14 ./Core/Src/stm32f1xx_it.o
                0x080010c0                TIM2_IRQHandler
 .text._sbrk    0x080010d4       0x6c ./Core/Src/sysmem.o
                0x080010d4                _sbrk
 .text.SystemInit
                0x08001140        0xc ./Core/Src/system_stm32f1xx.o
                0x08001140                SystemInit
 .text.MX_USART1_UART_Init
                0x0800114c       0x54 ./Core/Src/uart.o
                0x0800114c                MX_USART1_UART_Init
 .text.send_UART1
                0x080011a0       0x2c ./Core/Src/uart.o
                0x080011a0                send_UART1
 .text.MX_USART3_UART_Init
                0x080011cc       0x54 ./Core/Src/uart.o
                0x080011cc                MX_USART3_UART_Init
 .text.send_UART3
                0x08001220       0x2c ./Core/Src/uart.o
                0x08001220                send_UART3
 .text.Reset_Handler
                0x0800124c       0x48 ./Core/Startup/startup_stm32f103c8tx.o
                0x0800124c                Reset_Handler
 .text.Default_Handler
                0x08001294        0x2 ./Core/Startup/startup_stm32f103c8tx.o
                0x08001294                RTC_Alarm_IRQHandler
                0x08001294                EXTI2_IRQHandler
                0x08001294                TIM1_CC_IRQHandler
                0x08001294                PVD_IRQHandler
                0x08001294                EXTI3_IRQHandler
                0x08001294                EXTI0_IRQHandler
                0x08001294                I2C2_EV_IRQHandler
                0x08001294                ADC1_2_IRQHandler
                0x08001294                SPI1_IRQHandler
                0x08001294                TAMPER_IRQHandler
                0x08001294                DMA1_Channel4_IRQHandler
                0x08001294                USART3_IRQHandler
                0x08001294                RTC_IRQHandler
                0x08001294                DMA1_Channel7_IRQHandler
                0x08001294                CAN1_RX1_IRQHandler
                0x08001294                TIM4_IRQHandler
                0x08001294                I2C1_EV_IRQHandler
                0x08001294                DMA1_Channel6_IRQHandler
                0x08001294                TIM3_IRQHandler
                0x08001294                RCC_IRQHandler
                0x08001294                TIM1_TRG_COM_IRQHandler
                0x08001294                DMA1_Channel1_IRQHandler
                0x08001294                Default_Handler
                0x08001294                EXTI15_10_IRQHandler
                0x08001294                EXTI9_5_IRQHandler
                0x08001294                SPI2_IRQHandler
                0x08001294                DMA1_Channel5_IRQHandler
                0x08001294                EXTI4_IRQHandler
                0x08001294                USB_LP_CAN1_RX0_IRQHandler
                0x08001294                USB_HP_CAN1_TX_IRQHandler
                0x08001294                DMA1_Channel3_IRQHandler
                0x08001294                TIM1_UP_IRQHandler
                0x08001294                WWDG_IRQHandler
                0x08001294                TIM1_BRK_IRQHandler
                0x08001294                EXTI1_IRQHandler
                0x08001294                USART2_IRQHandler
                0x08001294                I2C2_ER_IRQHandler
                0x08001294                DMA1_Channel2_IRQHandler
                0x08001294                CAN1_SCE_IRQHandler
                0x08001294                FLASH_IRQHandler
                0x08001294                USART1_IRQHandler
                0x08001294                I2C1_ER_IRQHandler
                0x08001294                USBWakeUp_IRQHandler
 *fill*         0x08001296        0x2 
 .text.HAL_Init
                0x08001298       0x2c ./Drivers/STM32F1xx_HAL_Driver/Src/stm32f1xx_hal.o
                0x08001298                HAL_Init
 .text.HAL_IncTick
                0x080012c4       0x24 ./Drivers/STM32F1xx_HAL_Driver/Src/stm32f1xx_hal.o
                0x080012c4                HAL_IncTick
 .text.HAL_GetTick
                0x080012e8       0x14 ./Drivers/STM32F1xx_HAL_Driver/Src/stm32f1xx_hal.o
                0x080012e8                HAL_GetTick
 .text.HAL_Delay
                0x080012fc       0x48 ./Drivers/STM32F1xx_HAL_Driver/Src/stm32f1xx_hal.o
                0x080012fc                HAL_Delay
 .text.HAL_ADC_Init
                0x08001344      0x1b0 ./Drivers/STM32F1xx_HAL_Driver/Src/stm32f1xx_hal_adc.o
                0x08001344                HAL_ADC_Init
 .text.HAL_ADC_ConfigChannel
                0x080014f4      0x1f0 ./Drivers/STM32F1xx_HAL_Driver/Src/stm32f1xx_hal_adc.o
                0x080014f4                HAL_ADC_ConfigChannel
 .text.ADC_ConversionStop_Disable
                0x080016e4       0x82 ./Drivers/STM32F1xx_HAL_Driver/Src/stm32f1xx_hal_adc.o
                0x080016e4                ADC_ConversionStop_Disable
 *fill*         0x08001766        0x2 
 .text.__NVIC_SetPriorityGrouping
                0x08001768       0x48 ./Drivers/STM32F1xx_HAL_Driver/Src/stm32f1xx_hal_cortex.o
 .text.__NVIC_GetPriorityGrouping
                0x080017b0       0x1c ./Drivers/STM32F1xx_HAL_Driver/Src/stm32f1xx_hal_cortex.o
 .text.__NVIC_EnableIRQ
                0x080017cc       0x38 ./Drivers/STM32F1xx_HAL_Driver/Src/stm32f1xx_hal_cortex.o
 .text.__NVIC_SetPriority
                0x08001804       0x54 ./Drivers/STM32F1xx_HAL_Driver/Src/stm32f1xx_hal_cortex.o
 .text.NVIC_EncodePriority
                0x08001858       0x64 ./Drivers/STM32F1xx_HAL_Driver/Src/stm32f1xx_hal_cortex.o
 .text.HAL_NVIC_SetPriorityGrouping
                0x080018bc       0x16 ./Drivers/STM32F1xx_HAL_Driver/Src/stm32f1xx_hal_cortex.o
                0x080018bc                HAL_NVIC_SetPriorityGrouping
 .text.HAL_NVIC_SetPriority
                0x080018d2       0x38 ./Drivers/STM32F1xx_HAL_Driver/Src/stm32f1xx_hal_cortex.o
                0x080018d2                HAL_NVIC_SetPriority
 .text.HAL_NVIC_EnableIRQ
                0x0800190a       0x1c ./Drivers/STM32F1xx_HAL_Driver/Src/stm32f1xx_hal_cortex.o
                0x0800190a                HAL_NVIC_EnableIRQ
 *fill*         0x08001926        0x2 
 .text.HAL_GPIO_Init
                0x08001928      0x308 ./Drivers/STM32F1xx_HAL_Driver/Src/stm32f1xx_hal_gpio.o
                0x08001928                HAL_GPIO_Init
 .text.HAL_GPIO_ReadPin
                0x08001c30       0x2e ./Drivers/STM32F1xx_HAL_Driver/Src/stm32f1xx_hal_gpio.o
                0x08001c30                HAL_GPIO_ReadPin
 .text.HAL_GPIO_WritePin
                0x08001c5e       0x30 ./Drivers/STM32F1xx_HAL_Driver/Src/stm32f1xx_hal_gpio.o
                0x08001c5e                HAL_GPIO_WritePin
 .text.HAL_GPIO_TogglePin
                0x08001c8e       0x32 ./Drivers/STM32F1xx_HAL_Driver/Src/stm32f1xx_hal_gpio.o
                0x08001c8e                HAL_GPIO_TogglePin
 .text.HAL_I2C_Init
                0x08001cc0      0x288 ./Drivers/STM32F1xx_HAL_Driver/Src/stm32f1xx_hal_i2c.o
                0x08001cc0                HAL_I2C_Init
 .text.HAL_RCC_OscConfig
                0x08001f48      0x504 ./Drivers/STM32F1xx_HAL_Driver/Src/stm32f1xx_hal_rcc.o
                0x08001f48                HAL_RCC_OscConfig
 .text.HAL_RCC_ClockConfig
                0x0800244c      0x1d4 ./Drivers/STM32F1xx_HAL_Driver/Src/stm32f1xx_hal_rcc.o
                0x0800244c                HAL_RCC_ClockConfig
 .text.HAL_RCC_GetSysClockFreq
                0x08002620       0xa8 ./Drivers/STM32F1xx_HAL_Driver/Src/stm32f1xx_hal_rcc.o
                0x08002620                HAL_RCC_GetSysClockFreq
 .text.HAL_RCC_GetHCLKFreq
                0x080026c8       0x14 ./Drivers/STM32F1xx_HAL_Driver/Src/stm32f1xx_hal_rcc.o
                0x080026c8                HAL_RCC_GetHCLKFreq
 .text.HAL_RCC_GetPCLK1Freq
                0x080026dc       0x28 ./Drivers/STM32F1xx_HAL_Driver/Src/stm32f1xx_hal_rcc.o
                0x080026dc                HAL_RCC_GetPCLK1Freq
 .text.HAL_RCC_GetPCLK2Freq
                0x08002704       0x28 ./Drivers/STM32F1xx_HAL_Driver/Src/stm32f1xx_hal_rcc.o
                0x08002704                HAL_RCC_GetPCLK2Freq
 .text.HAL_RCC_GetClockConfig
                0x0800272c       0x60 ./Drivers/STM32F1xx_HAL_Driver/Src/stm32f1xx_hal_rcc.o
                0x0800272c                HAL_RCC_GetClockConfig
 .text.RCC_Delay
                0x0800278c       0x3c ./Drivers/STM32F1xx_HAL_Driver/Src/stm32f1xx_hal_rcc.o
 .text.HAL_RCCEx_PeriphCLKConfig
                0x080027c8      0x16c ./Drivers/STM32F1xx_HAL_Driver/Src/stm32f1xx_hal_rcc_ex.o
                0x080027c8                HAL_RCCEx_PeriphCLKConfig
 .text.HAL_TIM_Base_Init
                0x08002934       0x9e ./Drivers/STM32F1xx_HAL_Driver/Src/stm32f1xx_hal_tim.o
                0x08002934                HAL_TIM_Base_Init
 *fill*         0x080029d2        0x2 
 .text.HAL_TIM_Base_Start_IT
                0x080029d4       0xa4 ./Drivers/STM32F1xx_HAL_Driver/Src/stm32f1xx_hal_tim.o
                0x080029d4                HAL_TIM_Base_Start_IT
 .text.HAL_TIM_IRQHandler
                0x08002a78      0x1e0 ./Drivers/STM32F1xx_HAL_Driver/Src/stm32f1xx_hal_tim.o
                0x08002a78                HAL_TIM_IRQHandler
 .text.HAL_TIM_ConfigClockSource
                0x08002c58      0x18e ./Drivers/STM32F1xx_HAL_Driver/Src/stm32f1xx_hal_tim.o
                0x08002c58                HAL_TIM_ConfigClockSource
 .text.HAL_TIM_OC_DelayElapsedCallback
                0x08002de6       0x12 ./Drivers/STM32F1xx_HAL_Driver/Src/stm32f1xx_hal_tim.o
                0x08002de6                HAL_TIM_OC_DelayElapsedCallback
 .text.HAL_TIM_IC_CaptureCallback
                0x08002df8       0x12 ./Drivers/STM32F1xx_HAL_Driver/Src/stm32f1xx_hal_tim.o
                0x08002df8                HAL_TIM_IC_CaptureCallback
 .text.HAL_TIM_PWM_PulseFinishedCallback
                0x08002e0a       0x12 ./Drivers/STM32F1xx_HAL_Driver/Src/stm32f1xx_hal_tim.o
                0x08002e0a                HAL_TIM_PWM_PulseFinishedCallback
 .text.HAL_TIM_TriggerCallback
                0x08002e1c       0x12 ./Drivers/STM32F1xx_HAL_Driver/Src/stm32f1xx_hal_tim.o
                0x08002e1c                HAL_TIM_TriggerCallback
 *fill*         0x08002e2e        0x2 
 .text.TIM_Base_SetConfig
                0x08002e30       0xdc ./Drivers/STM32F1xx_HAL_Driver/Src/stm32f1xx_hal_tim.o
                0x08002e30                TIM_Base_SetConfig
 .text.TIM_TI1_ConfigInputStage
                0x08002f0c       0x5c ./Drivers/STM32F1xx_HAL_Driver/Src/stm32f1xx_hal_tim.o
 .text.TIM_TI2_ConfigInputStage
                0x08002f68       0x5e ./Drivers/STM32F1xx_HAL_Driver/Src/stm32f1xx_hal_tim.o
 .text.TIM_ITRx_SetConfig
                0x08002fc6       0x34 ./Drivers/STM32F1xx_HAL_Driver/Src/stm32f1xx_hal_tim.o
 .text.TIM_ETR_SetConfig
                0x08002ffa       0x3e ./Drivers/STM32F1xx_HAL_Driver/Src/stm32f1xx_hal_tim.o
                0x08002ffa                TIM_ETR_SetConfig
 .text.HAL_TIMEx_MasterConfigSynchronization
                0x08003038       0xbc ./Drivers/STM32F1xx_HAL_Driver/Src/stm32f1xx_hal_tim_ex.o
                0x08003038                HAL_TIMEx_MasterConfigSynchronization
 .text.HAL_TIMEx_CommutCallback
                0x080030f4       0x12 ./Drivers/STM32F1xx_HAL_Driver/Src/stm32f1xx_hal_tim_ex.o
                0x080030f4                HAL_TIMEx_CommutCallback
 .text.HAL_TIMEx_BreakCallback
                0x08003106       0x12 ./Drivers/STM32F1xx_HAL_Driver/Src/stm32f1xx_hal_tim_ex.o
                0x08003106                HAL_TIMEx_BreakCallback
 .text.HAL_UART_Init
                0x08003118       0xa0 ./Drivers/STM32F1xx_HAL_Driver/Src/stm32f1xx_hal_uart.o
                0x08003118                HAL_UART_Init
 .text.HAL_UART_Transmit
                0x080031b8      0x116 ./Drivers/STM32F1xx_HAL_Driver/Src/stm32f1xx_hal_uart.o
                0x080031b8                HAL_UART_Transmit
 .text.UART_WaitOnFlagUntilTimeout
                0x080032ce       0xb2 ./Drivers/STM32F1xx_HAL_Driver/Src/stm32f1xx_hal_uart.o
 .text.UART_EndRxTransfer
                0x08003380       0xc4 ./Drivers/STM32F1xx_HAL_Driver/Src/stm32f1xx_hal_uart.o
 .text.UART_SetConfig
                0x08003444      0x11c ./Drivers/STM32F1xx_HAL_Driver/Src/stm32f1xx_hal_uart.o
 .text.__NVIC_SetPriority
                0x08003560       0x54 ./Middlewares/Third_Party/FreeRTOS/Source/CMSIS_RTOS_V2/cmsis_os2.o
 .text.SysTick_Handler
                0x080035b4       0x20 ./Middlewares/Third_Party/FreeRTOS/Source/CMSIS_RTOS_V2/cmsis_os2.o
                0x080035b4                SysTick_Handler
 .text.SVC_Setup
                0x080035d4       0x12 ./Middlewares/Third_Party/FreeRTOS/Source/CMSIS_RTOS_V2/cmsis_os2.o
 *fill*         0x080035e6        0x2 
 .text.osKernelInitialize
                0x080035e8       0x44 ./Middlewares/Third_Party/FreeRTOS/Source/CMSIS_RTOS_V2/cmsis_os2.o
                0x080035e8                osKernelInitialize
 .text.osKernelStart
                0x0800362c       0x4c ./Middlewares/Third_Party/FreeRTOS/Source/CMSIS_RTOS_V2/cmsis_os2.o
                0x0800362c                osKernelStart
 .text.osThreadNew
                0x08003678      0x124 ./Middlewares/Third_Party/FreeRTOS/Source/CMSIS_RTOS_V2/cmsis_os2.o
                0x08003678                osThreadNew
 .text.osDelay  0x0800379c       0x36 ./Middlewares/Third_Party/FreeRTOS/Source/CMSIS_RTOS_V2/cmsis_os2.o
                0x0800379c                osDelay
 *fill*         0x080037d2        0x2 
 .text.vApplicationGetTimerTaskMemory
                0x080037d4       0x34 ./Middlewares/Third_Party/FreeRTOS/Source/CMSIS_RTOS_V2/cmsis_os2.o
                0x080037d4                vApplicationGetTimerTaskMemory
 .text.vListInitialise
                0x08003808       0x3e ./Middlewares/Third_Party/FreeRTOS/Source/list.o
                0x08003808                vListInitialise
 .text.vListInitialiseItem
                0x08003846       0x18 ./Middlewares/Third_Party/FreeRTOS/Source/list.o
                0x08003846                vListInitialiseItem
 .text.vListInsertEnd
                0x0800385e       0x46 ./Middlewares/Third_Party/FreeRTOS/Source/list.o
                0x0800385e                vListInsertEnd
 .text.vListInsert
                0x080038a4       0x70 ./Middlewares/Third_Party/FreeRTOS/Source/list.o
                0x080038a4                vListInsert
 .text.uxListRemove
                0x08003914       0x52 ./Middlewares/Third_Party/FreeRTOS/Source/list.o
                0x08003914                uxListRemove
 *fill*         0x08003966        0x2 
 .text.xQueueGenericReset
                0x08003968       0xd4 ./Middlewares/Third_Party/FreeRTOS/Source/queue.o
                0x08003968                xQueueGenericReset
 .text.xQueueGenericCreateStatic
                0x08003a3c       0xfa ./Middlewares/Third_Party/FreeRTOS/Source/queue.o
                0x08003a3c                xQueueGenericCreateStatic
 .text.prvInitialiseNewQueue
                0x08003b36       0x46 ./Middlewares/Third_Party/FreeRTOS/Source/queue.o
 .text.xQueueGenericSend
                0x08003b7c      0x204 ./Middlewares/Third_Party/FreeRTOS/Source/queue.o
                0x08003b7c                xQueueGenericSend
 .text.xQueueGenericSendFromISR
                0x08003d80      0x13c ./Middlewares/Third_Party/FreeRTOS/Source/queue.o
                0x08003d80                xQueueGenericSendFromISR
 .text.xQueueReceive
                0x08003ebc      0x1c4 ./Middlewares/Third_Party/FreeRTOS/Source/queue.o
                0x08003ebc                xQueueReceive
 .text.prvCopyDataToQueue
                0x08004080       0xd4 ./Middlewares/Third_Party/FreeRTOS/Source/queue.o
 .text.prvCopyDataFromQueue
                0x08004154       0x4c ./Middlewares/Third_Party/FreeRTOS/Source/queue.o
 .text.prvUnlockQueue
                0x080041a0       0xa4 ./Middlewares/Third_Party/FreeRTOS/Source/queue.o
 .text.prvIsQueueEmpty
                0x08004244       0x2c ./Middlewares/Third_Party/FreeRTOS/Source/queue.o
 .text.prvIsQueueFull
                0x08004270       0x30 ./Middlewares/Third_Party/FreeRTOS/Source/queue.o
 .text.vQueueAddToRegistry
                0x080042a0       0x50 ./Middlewares/Third_Party/FreeRTOS/Source/queue.o
                0x080042a0                vQueueAddToRegistry
 .text.vQueueWaitForMessageRestricted
                0x080042f0       0x68 ./Middlewares/Third_Party/FreeRTOS/Source/queue.o
                0x080042f0                vQueueWaitForMessageRestricted
 .text.xTaskCreateStatic
                0x08004358       0xc0 ./Middlewares/Third_Party/FreeRTOS/Source/tasks.o
                0x08004358                xTaskCreateStatic
 .text.xTaskCreate
                0x08004418       0x8a ./Middlewares/Third_Party/FreeRTOS/Source/tasks.o
                0x08004418                xTaskCreate
 *fill*         0x080044a2        0x2 
 .text.prvInitialiseNewTask
                0x080044a4      0x150 ./Middlewares/Third_Party/FreeRTOS/Source/tasks.o
 .text.prvAddNewTaskToReadyList
                0x080045f4       0xe0 ./Middlewares/Third_Party/FreeRTOS/Source/tasks.o
 .text.vTaskDelay
                0x080046d4       0x6c ./Middlewares/Third_Party/FreeRTOS/Source/tasks.o
                0x080046d4                vTaskDelay
 .text.vTaskStartScheduler
                0x08004740       0xe0 ./Middlewares/Third_Party/FreeRTOS/Source/tasks.o
                0x08004740                vTaskStartScheduler
 .text.vTaskSuspendAll
                0x08004820       0x1c ./Middlewares/Third_Party/FreeRTOS/Source/tasks.o
                0x08004820                vTaskSuspendAll
 .text.xTaskResumeAll
                0x0800483c      0x13c ./Middlewares/Third_Party/FreeRTOS/Source/tasks.o
                0x0800483c                xTaskResumeAll
 .text.xTaskGetTickCount
                0x08004978       0x1c ./Middlewares/Third_Party/FreeRTOS/Source/tasks.o
                0x08004978                xTaskGetTickCount
 .text.xTaskIncrementTick
                0x08004994      0x174 ./Middlewares/Third_Party/FreeRTOS/Source/tasks.o
                0x08004994                xTaskIncrementTick
 .text.vTaskSwitchContext
                0x08004b08       0xc8 ./Middlewares/Third_Party/FreeRTOS/Source/tasks.o
                0x08004b08                vTaskSwitchContext
 .text.vTaskPlaceOnEventList
                0x08004bd0       0x4c ./Middlewares/Third_Party/FreeRTOS/Source/tasks.o
                0x08004bd0                vTaskPlaceOnEventList
 .text.vTaskPlaceOnEventListRestricted
                0x08004c1c       0x58 ./Middlewares/Third_Party/FreeRTOS/Source/tasks.o
                0x08004c1c                vTaskPlaceOnEventListRestricted
 .text.xTaskRemoveFromEventList
                0x08004c74       0xc8 ./Middlewares/Third_Party/FreeRTOS/Source/tasks.o
                0x08004c74                xTaskRemoveFromEventList
 .text.vTaskInternalSetTimeOutState
                0x08004d3c       0x2c ./Middlewares/Third_Party/FreeRTOS/Source/tasks.o
                0x08004d3c                vTaskInternalSetTimeOutState
 .text.xTaskCheckForTimeOut
                0x08004d68       0xc8 ./Middlewares/Third_Party/FreeRTOS/Source/tasks.o
                0x08004d68                xTaskCheckForTimeOut
 .text.vTaskMissedYield
                0x08004e30       0x18 ./Middlewares/Third_Party/FreeRTOS/Source/tasks.o
                0x08004e30                vTaskMissedYield
 .text.prvIdleTask
                0x08004e48       0x30 ./Middlewares/Third_Party/FreeRTOS/Source/tasks.o
 .text.prvInitialiseTaskLists
                0x08004e78       0x80 ./Middlewares/Third_Party/FreeRTOS/Source/tasks.o
 .text.prvCheckTasksWaitingTermination
                0x08004ef8       0x5c ./Middlewares/Third_Party/FreeRTOS/Source/tasks.o
 .text.prvDeleteTCB
                0x08004f54       0x6a ./Middlewares/Third_Party/FreeRTOS/Source/tasks.o
 *fill*         0x08004fbe        0x2 
 .text.prvResetNextTaskUnblockTime
                0x08004fc0       0x40 ./Middlewares/Third_Party/FreeRTOS/Source/tasks.o
 .text.xTaskGetSchedulerState
                0x08005000       0x3c ./Middlewares/Third_Party/FreeRTOS/Source/tasks.o
                0x08005000                xTaskGetSchedulerState
 .text.xTaskPriorityDisinherit
                0x0800503c       0xe0 ./Middlewares/Third_Party/FreeRTOS/Source/tasks.o
                0x0800503c                xTaskPriorityDisinherit
 .text.prvAddCurrentTaskToDelayedList
                0x0800511c       0xa8 ./Middlewares/Third_Party/FreeRTOS/Source/tasks.o
 .text.xTimerCreateTimerTask
                0x080051c4       0x94 ./Middlewares/Third_Party/FreeRTOS/Source/timers.o
                0x080051c4                xTimerCreateTimerTask
 .text.xTimerGenericCommand
                0x08005258       0x9c ./Middlewares/Third_Party/FreeRTOS/Source/timers.o
                0x08005258                xTimerGenericCommand
 .text.prvProcessExpiredTimer
                0x080052f4       0x9c ./Middlewares/Third_Party/FreeRTOS/Source/timers.o
 .text.prvTimerTask
                0x08005390       0x26 ./Middlewares/Third_Party/FreeRTOS/Source/timers.o
 *fill*         0x080053b6        0x2 
 .text.prvProcessTimerOrBlockTask
                0x080053b8       0x9c ./Middlewares/Third_Party/FreeRTOS/Source/timers.o
 .text.prvGetNextExpireTime
                0x08005454       0x44 ./Middlewares/Third_Party/FreeRTOS/Source/timers.o
 .text.prvSampleTimeNow
                0x08005498       0x40 ./Middlewares/Third_Party/FreeRTOS/Source/timers.o
 .text.prvInsertTimerInActiveList
                0x080054d8       0x84 ./Middlewares/Third_Party/FreeRTOS/Source/timers.o
 .text.prvProcessReceivedCommands
                0x0800555c      0x1cc ./Middlewares/Third_Party/FreeRTOS/Source/timers.o
 .text.prvSwitchTimerLists
                0x08005728       0xcc ./Middlewares/Third_Party/FreeRTOS/Source/timers.o
 .text.prvCheckForValidListAndQueue
                0x080057f4       0x80 ./Middlewares/Third_Party/FreeRTOS/Source/timers.o
 .text.pxPortInitialiseStack
                0x08005874       0x58 ./Middlewares/Third_Party/FreeRTOS/Source/portable/GCC/ARM_CM3/port.o
                0x08005874                pxPortInitialiseStack
 .text.prvTaskExitError
                0x080058cc       0x58 ./Middlewares/Third_Party/FreeRTOS/Source/portable/GCC/ARM_CM3/port.o
 *fill*         0x08005924        0xc 
 .text.SVC_Handler
                0x08005930       0x28 ./Middlewares/Third_Party/FreeRTOS/Source/portable/GCC/ARM_CM3/port.o
                0x08005930                SVC_Handler
 .text.prvPortStartFirstTask
                0x08005958       0x20 ./Middlewares/Third_Party/FreeRTOS/Source/portable/GCC/ARM_CM3/port.o
 .text.xPortStartScheduler
                0x08005978       0xe4 ./Middlewares/Third_Party/FreeRTOS/Source/portable/GCC/ARM_CM3/port.o
                0x08005978                xPortStartScheduler
 .text.vPortEnterCritical
                0x08005a5c       0x60 ./Middlewares/Third_Party/FreeRTOS/Source/portable/GCC/ARM_CM3/port.o
                0x08005a5c                vPortEnterCritical
 .text.vPortExitCritical
                0x08005abc       0x54 ./Middlewares/Third_Party/FreeRTOS/Source/portable/GCC/ARM_CM3/port.o
                0x08005abc                vPortExitCritical
 .text.PendSV_Handler
                0x08005b10       0x48 ./Middlewares/Third_Party/FreeRTOS/Source/portable/GCC/ARM_CM3/port.o
                0x08005b10                PendSV_Handler
 .text.xPortSysTickHandler
                0x08005b58       0x44 ./Middlewares/Third_Party/FreeRTOS/Source/portable/GCC/ARM_CM3/port.o
                0x08005b58                xPortSysTickHandler
 .text.vPortSetupTimerInterrupt
                0x08005b9c       0x44 ./Middlewares/Third_Party/FreeRTOS/Source/portable/GCC/ARM_CM3/port.o
                0x08005b9c                vPortSetupTimerInterrupt
 .text.vPortValidateInterruptPriority
                0x08005be0       0x80 ./Middlewares/Third_Party/FreeRTOS/Source/portable/GCC/ARM_CM3/port.o
                0x08005be0                vPortValidateInterruptPriority
 .text.pvPortMalloc
                0x08005c60      0x19c ./Middlewares/Third_Party/FreeRTOS/Source/portable/MemMang/heap_4.o
                0x08005c60                pvPortMalloc
 .text.vPortFree
                0x08005dfc       0xc8 ./Middlewares/Third_Party/FreeRTOS/Source/portable/MemMang/heap_4.o
                0x08005dfc                vPortFree
 .text.prvHeapInit
                0x08005ec4       0xc4 ./Middlewares/Third_Party/FreeRTOS/Source/portable/MemMang/heap_4.o
 .text.prvInsertBlockIntoFreeList
                0x08005f88       0xb0 ./Middlewares/Third_Party/FreeRTOS/Source/portable/MemMang/heap_4.o
 .text.sprintf  0x08006038       0x44 D:/Logiciels/STM32cubeIDE/STM32CubeIDE_1.18.0/STM32CubeIDE/plugins/com.st.stm32cube.ide.mcu.externaltools.gnu-tools-for-stm32.13.3.rel1.win32_1.0.0.202411081344/tools/bin/../lib/gcc/arm-none-eabi/13.3.1/../../../../arm-none-eabi/lib/thumb/v7-m/nofp\libc_nano.a(libc_a-sprintf.o)
                0x08006038                siprintf
                0x08006038                sprintf
 .text.memset   0x0800607c       0x10 D:/Logiciels/STM32cubeIDE/STM32CubeIDE_1.18.0/STM32CubeIDE/plugins/com.st.stm32cube.ide.mcu.externaltools.gnu-tools-for-stm32.13.3.rel1.win32_1.0.0.202411081344/tools/bin/../lib/gcc/arm-none-eabi/13.3.1/../../../../arm-none-eabi/lib/thumb/v7-m/nofp\libc_nano.a(libc_a-memset.o)
                0x0800607c                memset
 .text.strstr   0x0800608c       0x2c D:/Logiciels/STM32cubeIDE/STM32CubeIDE_1.18.0/STM32CubeIDE/plugins/com.st.stm32cube.ide.mcu.externaltools.gnu-tools-for-stm32.13.3.rel1.win32_1.0.0.202411081344/tools/bin/../lib/gcc/arm-none-eabi/13.3.1/../../../../arm-none-eabi/lib/thumb/v7-m/nofp\libc_nano.a(libc_a-strstr.o)
                0x0800608c                strstr
 .text._reclaim_reent
                0x080060b8       0xbc D:/Logiciels/STM32cubeIDE/STM32CubeIDE_1.18.0/STM32CubeIDE/plugins/com.st.stm32cube.ide.mcu.externaltools.gnu-tools-for-stm32.13.3.rel1.win32_1.0.0.202411081344/tools/bin/../lib/gcc/arm-none-eabi/13.3.1/../../../../arm-none-eabi/lib/thumb/v7-m/nofp\libc_nano.a(libc_a-reent.o)
                0x080060b8                _reclaim_reent
 .text.__errno  0x08006174        0xc D:/Logiciels/STM32cubeIDE/STM32CubeIDE_1.18.0/STM32CubeIDE/plugins/com.st.stm32cube.ide.mcu.externaltools.gnu-tools-for-stm32.13.3.rel1.win32_1.0.0.202411081344/tools/bin/../lib/gcc/arm-none-eabi/13.3.1/../../../../arm-none-eabi/lib/thumb/v7-m/nofp\libc_nano.a(libc_a-errno.o)
                0x08006174                __errno
 .text.__libc_init_array
                0x08006180       0x48 D:/Logiciels/STM32cubeIDE/STM32CubeIDE_1.18.0/STM32CubeIDE/plugins/com.st.stm32cube.ide.mcu.externaltools.gnu-tools-for-stm32.13.3.rel1.win32_1.0.0.202411081344/tools/bin/../lib/gcc/arm-none-eabi/13.3.1/../../../../arm-none-eabi/lib/thumb/v7-m/nofp\libc_nano.a(libc_a-init.o)
                0x08006180                __libc_init_array
 .text.__retarget_lock_acquire_recursive
                0x080061c8        0x2 D:/Logiciels/STM32cubeIDE/STM32CubeIDE_1.18.0/STM32CubeIDE/plugins/com.st.stm32cube.ide.mcu.externaltools.gnu-tools-for-stm32.13.3.rel1.win32_1.0.0.202411081344/tools/bin/../lib/gcc/arm-none-eabi/13.3.1/../../../../arm-none-eabi/lib/thumb/v7-m/nofp\libc_nano.a(libc_a-lock.o)
                0x080061c8                __retarget_lock_acquire_recursive
 .text.__retarget_lock_release_recursive
                0x080061ca        0x2 D:/Logiciels/STM32cubeIDE/STM32CubeIDE_1.18.0/STM32CubeIDE/plugins/com.st.stm32cube.ide.mcu.externaltools.gnu-tools-for-stm32.13.3.rel1.win32_1.0.0.202411081344/tools/bin/../lib/gcc/arm-none-eabi/13.3.1/../../../../arm-none-eabi/lib/thumb/v7-m/nofp\libc_nano.a(libc_a-lock.o)
                0x080061ca                __retarget_lock_release_recursive
 .text.strcpy   0x080061cc       0x10 D:/Logiciels/STM32cubeIDE/STM32CubeIDE_1.18.0/STM32CubeIDE/plugins/com.st.stm32cube.ide.mcu.externaltools.gnu-tools-for-stm32.13.3.rel1.win32_1.0.0.202411081344/tools/bin/../lib/gcc/arm-none-eabi/13.3.1/../../../../arm-none-eabi/lib/thumb/v7-m/nofp\libc_nano.a(libc_a-strcpy.o)
                0x080061cc                strcpy
 .text.memcpy   0x080061dc       0x1c D:/Logiciels/STM32cubeIDE/STM32CubeIDE_1.18.0/STM32CubeIDE/plugins/com.st.stm32cube.ide.mcu.externaltools.gnu-tools-for-stm32.13.3.rel1.win32_1.0.0.202411081344/tools/bin/../lib/gcc/arm-none-eabi/13.3.1/../../../../arm-none-eabi/lib/thumb/v7-m/nofp\libc_nano.a(libc_a-memcpy-stub.o)
                0x080061dc                memcpy
 .text._free_r  0x080061f8       0x90 D:/Logiciels/STM32cubeIDE/STM32CubeIDE_1.18.0/STM32CubeIDE/plugins/com.st.stm32cube.ide.mcu.externaltools.gnu-tools-for-stm32.13.3.rel1.win32_1.0.0.202411081344/tools/bin/../lib/gcc/arm-none-eabi/13.3.1/../../../../arm-none-eabi/lib/thumb/v7-m/nofp\libc_nano.a(libc_a-freer.o)
                0x080061f8                _free_r
 .text.sbrk_aligned
                0x08006288       0x44 D:/Logiciels/STM32cubeIDE/STM32CubeIDE_1.18.0/STM32CubeIDE/plugins/com.st.stm32cube.ide.mcu.externaltools.gnu-tools-for-stm32.13.3.rel1.win32_1.0.0.202411081344/tools/bin/../lib/gcc/arm-none-eabi/13.3.1/../../../../arm-none-eabi/lib/thumb/v7-m/nofp\libc_nano.a(libc_a-mallocr.o)
 .text._malloc_r
                0x080062cc      0x100 D:/Logiciels/STM32cubeIDE/STM32CubeIDE_1.18.0/STM32CubeIDE/plugins/com.st.stm32cube.ide.mcu.externaltools.gnu-tools-for-stm32.13.3.rel1.win32_1.0.0.202411081344/tools/bin/../lib/gcc/arm-none-eabi/13.3.1/../../../../arm-none-eabi/lib/thumb/v7-m/nofp\libc_nano.a(libc_a-mallocr.o)
                0x080062cc                _malloc_r
 .text.__malloc_lock
                0x080063cc        0xc D:/Logiciels/STM32cubeIDE/STM32CubeIDE_1.18.0/STM32CubeIDE/plugins/com.st.stm32cube.ide.mcu.externaltools.gnu-tools-for-stm32.13.3.rel1.win32_1.0.0.202411081344/tools/bin/../lib/gcc/arm-none-eabi/13.3.1/../../../../arm-none-eabi/lib/thumb/v7-m/nofp\libc_nano.a(libc_a-mlock.o)
                0x080063cc                __malloc_lock
 .text.__malloc_unlock
                0x080063d8        0xc D:/Logiciels/STM32cubeIDE/STM32CubeIDE_1.18.0/STM32CubeIDE/plugins/com.st.stm32cube.ide.mcu.externaltools.gnu-tools-for-stm32.13.3.rel1.win32_1.0.0.202411081344/tools/bin/../lib/gcc/arm-none-eabi/13.3.1/../../../../arm-none-eabi/lib/thumb/v7-m/nofp\libc_nano.a(libc_a-mlock.o)
                0x080063d8                __malloc_unlock
 .text.__ssputs_r
                0x080063e4       0xb6 D:/Logiciels/STM32cubeIDE/STM32CubeIDE_1.18.0/STM32CubeIDE/plugins/com.st.stm32cube.ide.mcu.externaltools.gnu-tools-for-stm32.13.3.rel1.win32_1.0.0.202411081344/tools/bin/../lib/gcc/arm-none-eabi/13.3.1/../../../../arm-none-eabi/lib/thumb/v7-m/nofp\libc_nano.a(libc_a-nano-svfprintf.o)
                0x080063e4                __ssputs_r
 *fill*         0x0800649a        0x2 
 .text._svfprintf_r
                0x0800649c      0x1f8 D:/Logiciels/STM32cubeIDE/STM32CubeIDE_1.18.0/STM32CubeIDE/plugins/com.st.stm32cube.ide.mcu.externaltools.gnu-tools-for-stm32.13.3.rel1.win32_1.0.0.202411081344/tools/bin/../lib/gcc/arm-none-eabi/13.3.1/../../../../arm-none-eabi/lib/thumb/v7-m/nofp\libc_nano.a(libc_a-nano-svfprintf.o)
                0x0800649c                _svfiprintf_r
                0x0800649c                _svfprintf_r
 .text._printf_common
                0x08006694       0xe4 D:/Logiciels/STM32cubeIDE/STM32CubeIDE_1.18.0/STM32CubeIDE/plugins/com.st.stm32cube.ide.mcu.externaltools.gnu-tools-for-stm32.13.3.rel1.win32_1.0.0.202411081344/tools/bin/../lib/gcc/arm-none-eabi/13.3.1/../../../../arm-none-eabi/lib/thumb/v7-m/nofp\libc_nano.a(libc_a-nano-vfprintf_i.o)
                0x08006694                _printf_common
 .text._printf_i
                0x08006778      0x23c D:/Logiciels/STM32cubeIDE/STM32CubeIDE_1.18.0/STM32CubeIDE/plugins/com.st.stm32cube.ide.mcu.externaltools.gnu-tools-for-stm32.13.3.rel1.win32_1.0.0.202411081344/tools/bin/../lib/gcc/arm-none-eabi/13.3.1/../../../../arm-none-eabi/lib/thumb/v7-m/nofp\libc_nano.a(libc_a-nano-vfprintf_i.o)
                0x08006778                _printf_i
 .text.memmove  0x080069b4       0x34 D:/Logiciels/STM32cubeIDE/STM32CubeIDE_1.18.0/STM32CubeIDE/plugins/com.st.stm32cube.ide.mcu.externaltools.gnu-tools-for-stm32.13.3.rel1.win32_1.0.0.202411081344/tools/bin/../lib/gcc/arm-none-eabi/13.3.1/../../../../arm-none-eabi/lib/thumb/v7-m/nofp\libc_nano.a(libc_a-memmove.o)
                0x080069b4                memmove
 .text._sbrk_r  0x080069e8       0x20 D:/Logiciels/STM32cubeIDE/STM32CubeIDE_1.18.0/STM32CubeIDE/plugins/com.st.stm32cube.ide.mcu.externaltools.gnu-tools-for-stm32.13.3.rel1.win32_1.0.0.202411081344/tools/bin/../lib/gcc/arm-none-eabi/13.3.1/../../../../arm-none-eabi/lib/thumb/v7-m/nofp\libc_nano.a(libc_a-sbrkr.o)
                0x080069e8                _sbrk_r
 .text.memchr   0x08006a08       0x1c D:/Logiciels/STM32cubeIDE/STM32CubeIDE_1.18.0/STM32CubeIDE/plugins/com.st.stm32cube.ide.mcu.externaltools.gnu-tools-for-stm32.13.3.rel1.win32_1.0.0.202411081344/tools/bin/../lib/gcc/arm-none-eabi/13.3.1/../../../../arm-none-eabi/lib/thumb/v7-m/nofp\libc_nano.a(libc_a-memchr-stub.o)
                0x08006a08                memchr
 .text._realloc_r
                0x08006a24       0x5c D:/Logiciels/STM32cubeIDE/STM32CubeIDE_1.18.0/STM32CubeIDE/plugins/com.st.stm32cube.ide.mcu.externaltools.gnu-tools-for-stm32.13.3.rel1.win32_1.0.0.202411081344/tools/bin/../lib/gcc/arm-none-eabi/13.3.1/../../../../arm-none-eabi/lib/thumb/v7-m/nofp\libc_nano.a(libc_a-reallocr.o)
                0x08006a24                _realloc_r
 .text._malloc_usable_size_r
                0x08006a80       0x10 D:/Logiciels/STM32cubeIDE/STM32CubeIDE_1.18.0/STM32CubeIDE/plugins/com.st.stm32cube.ide.mcu.externaltools.gnu-tools-for-stm32.13.3.rel1.win32_1.0.0.202411081344/tools/bin/../lib/gcc/arm-none-eabi/13.3.1/../../../../arm-none-eabi/lib/thumb/v7-m/nofp\libc_nano.a(libc_a-msizer.o)
                0x08006a80                _malloc_usable_size_r
 *(.glue_7)
 .glue_7        0x08006a90        0x0 linker stubs
 *(.glue_7t)
 .glue_7t       0x08006a90        0x0 linker stubs
 *(.eh_frame)
 .eh_frame      0x08006a90        0x0 D:/Logiciels/STM32cubeIDE/STM32CubeIDE_1.18.0/STM32CubeIDE/plugins/com.st.stm32cube.ide.mcu.externaltools.gnu-tools-for-stm32.13.3.rel1.win32_1.0.0.202411081344/tools/bin/../lib/gcc/arm-none-eabi/13.3.1/thumb/v7-m/nofp/crtbegin.o
 *(.init)
 .init          0x08006a90        0x4 D:/Logiciels/STM32cubeIDE/STM32CubeIDE_1.18.0/STM32CubeIDE/plugins/com.st.stm32cube.ide.mcu.externaltools.gnu-tools-for-stm32.13.3.rel1.win32_1.0.0.202411081344/tools/bin/../lib/gcc/arm-none-eabi/13.3.1/thumb/v7-m/nofp/crti.o
                0x08006a90                _init
 .init          0x08006a94        0x8 D:/Logiciels/STM32cubeIDE/STM32CubeIDE_1.18.0/STM32CubeIDE/plugins/com.st.stm32cube.ide.mcu.externaltools.gnu-tools-for-stm32.13.3.rel1.win32_1.0.0.202411081344/tools/bin/../lib/gcc/arm-none-eabi/13.3.1/thumb/v7-m/nofp/crtn.o
 *(.fini)
 .fini          0x08006a9c        0x4 D:/Logiciels/STM32cubeIDE/STM32CubeIDE_1.18.0/STM32CubeIDE/plugins/com.st.stm32cube.ide.mcu.externaltools.gnu-tools-for-stm32.13.3.rel1.win32_1.0.0.202411081344/tools/bin/../lib/gcc/arm-none-eabi/13.3.1/thumb/v7-m/nofp/crti.o
                0x08006a9c                _fini
 .fini          0x08006aa0        0x8 D:/Logiciels/STM32cubeIDE/STM32CubeIDE_1.18.0/STM32CubeIDE/plugins/com.st.stm32cube.ide.mcu.externaltools.gnu-tools-for-stm32.13.3.rel1.win32_1.0.0.202411081344/tools/bin/../lib/gcc/arm-none-eabi/13.3.1/thumb/v7-m/nofp/crtn.o
                0x08006aa8                        . = ALIGN (0x4)
                0x08006aa8                        _etext = .

.vfp11_veneer   0x08006aa8        0x0
 .vfp11_veneer  0x08006aa8        0x0 linker stubs

.v4_bx          0x08006aa8        0x0
 .v4_bx         0x08006aa8        0x0 linker stubs

.iplt           0x08006aa8        0x0
 .iplt          0x08006aa8        0x0 D:/Logiciels/STM32cubeIDE/STM32CubeIDE_1.18.0/STM32CubeIDE/plugins/com.st.stm32cube.ide.mcu.externaltools.gnu-tools-for-stm32.13.3.rel1.win32_1.0.0.202411081344/tools/bin/../lib/gcc/arm-none-eabi/13.3.1/thumb/v7-m/nofp/crtbegin.o

.rodata         0x08006aa8      0x508
                0x08006aa8                        . = ALIGN (0x4)
 *(.rodata)
 .rodata        0x08006aa8      0x426 ./Core/Src/StateMachine.o
 *fill*         0x08006ece        0x2 
 .rodata        0x08006ed0       0x1d ./Core/Src/main.o
 *fill*         0x08006eed        0x3 
 .rodata        0x08006ef0        0x5 ./Middlewares/Third_Party/FreeRTOS/Source/tasks.o
 *fill*         0x08006ef5        0x3 
 .rodata        0x08006ef8        0xd ./Middlewares/Third_Party/FreeRTOS/Source/timers.o
 *(.rodata*)
 *fill*         0x08006f05        0x3 
 .rodata.defaultTask_attributes
                0x08006f08       0x24 ./Core/Src/main.o
                0x08006f08                defaultTask_attributes
 .rodata.StateMachineTask_attributes
                0x08006f2c       0x24 ./Core/Src/main.o
                0x08006f2c                StateMachineTask_attributes
 .rodata.AHBPrescTable
                0x08006f50       0x10 ./Core/Src/system_stm32f1xx.o
                0x08006f50                AHBPrescTable
 .rodata.APBPrescTable
                0x08006f60        0x8 ./Core/Src/system_stm32f1xx.o
                0x08006f60                APBPrescTable
 .rodata.aPLLMULFactorTable.1
                0x08006f68       0x10 ./Drivers/STM32F1xx_HAL_Driver/Src/stm32f1xx_hal_rcc.o
 .rodata.aPredivFactorTable.0
                0x08006f78        0x2 ./Drivers/STM32F1xx_HAL_Driver/Src/stm32f1xx_hal_rcc.o
 .rodata._svfprintf_r.str1.1
                0x08006f7a       0x33 D:/Logiciels/STM32cubeIDE/STM32CubeIDE_1.18.0/STM32CubeIDE/plugins/com.st.stm32cube.ide.mcu.externaltools.gnu-tools-for-stm32.13.3.rel1.win32_1.0.0.202411081344/tools/bin/../lib/gcc/arm-none-eabi/13.3.1/../../../../arm-none-eabi/lib/thumb/v7-m/nofp\libc_nano.a(libc_a-nano-svfprintf.o)
                                 0x11 (size before relaxing)
 .rodata._printf_i.str1.1
                0x08006fad       0x22 D:/Logiciels/STM32cubeIDE/STM32CubeIDE_1.18.0/STM32CubeIDE/plugins/com.st.stm32cube.ide.mcu.externaltools.gnu-tools-for-stm32.13.3.rel1.win32_1.0.0.202411081344/tools/bin/../lib/gcc/arm-none-eabi/13.3.1/../../../../arm-none-eabi/lib/thumb/v7-m/nofp\libc_nano.a(libc_a-nano-vfprintf_i.o)
                0x08006fd0                        . = ALIGN (0x4)
 *fill*         0x08006fad        0x3 

.ARM.extab      0x08006fb0        0x0
                0x08006fb0                        . = ALIGN (0x4)
 *(.ARM.extab* .gnu.linkonce.armextab.*)
                0x08006fb0                        . = ALIGN (0x4)

.ARM            0x08006fb0        0x8
                0x08006fb0                        . = ALIGN (0x4)
                0x08006fb0                        __exidx_start = .
 *(.ARM.exidx*)
 .ARM.exidx     0x08006fb0        0x8 D:/Logiciels/STM32cubeIDE/STM32CubeIDE_1.18.0/STM32CubeIDE/plugins/com.st.stm32cube.ide.mcu.externaltools.gnu-tools-for-stm32.13.3.rel1.win32_1.0.0.202411081344/tools/bin/../lib/gcc/arm-none-eabi/13.3.1/../../../../arm-none-eabi/lib/thumb/v7-m/nofp\libc_nano.a(libc_a-strlen.o)
                0x08006fb8                        __exidx_end = .
                0x08006fb8                        . = ALIGN (0x4)

.preinit_array  0x08006fb8        0x0
                0x08006fb8                        . = ALIGN (0x4)
                0x08006fb8                        PROVIDE (__preinit_array_start = .)
 *(.preinit_array*)
                0x08006fb8                        PROVIDE (__preinit_array_end = .)
                0x08006fb8                        . = ALIGN (0x4)

.init_array     0x08006fb8        0x4
                0x08006fb8                        . = ALIGN (0x4)
                0x08006fb8                        PROVIDE (__init_array_start = .)
 *(SORT_BY_NAME(.init_array.*))
 *(.init_array*)
 .init_array    0x08006fb8        0x4 D:/Logiciels/STM32cubeIDE/STM32CubeIDE_1.18.0/STM32CubeIDE/plugins/com.st.stm32cube.ide.mcu.externaltools.gnu-tools-for-stm32.13.3.rel1.win32_1.0.0.202411081344/tools/bin/../lib/gcc/arm-none-eabi/13.3.1/thumb/v7-m/nofp/crtbegin.o
                0x08006fbc                        PROVIDE (__init_array_end = .)
                0x08006fbc                        . = ALIGN (0x4)

.fini_array     0x08006fbc        0x4
                0x08006fbc                        . = ALIGN (0x4)
                [!provide]                        PROVIDE (__fini_array_start = .)
 *(SORT_BY_NAME(.fini_array.*))
 *(.fini_array*)
 .fini_array    0x08006fbc        0x4 D:/Logiciels/STM32cubeIDE/STM32CubeIDE_1.18.0/STM32CubeIDE/plugins/com.st.stm32cube.ide.mcu.externaltools.gnu-tools-for-stm32.13.3.rel1.win32_1.0.0.202411081344/tools/bin/../lib/gcc/arm-none-eabi/13.3.1/thumb/v7-m/nofp/crtbegin.o
                [!provide]                        PROVIDE (__fini_array_end = .)
                0x08006fc0                        . = ALIGN (0x4)
                0x08006fc0                        _sidata = LOADADDR (.data)

.rel.dyn        0x08006fc0        0x0
 .rel.iplt      0x08006fc0        0x0 D:/Logiciels/STM32cubeIDE/STM32CubeIDE_1.18.0/STM32CubeIDE/plugins/com.st.stm32cube.ide.mcu.externaltools.gnu-tools-for-stm32.13.3.rel1.win32_1.0.0.202411081344/tools/bin/../lib/gcc/arm-none-eabi/13.3.1/thumb/v7-m/nofp/crtbegin.o

.data           0x20000000       0x60 load address 0x08006fc0
                0x20000000                        . = ALIGN (0x4)
                0x20000000                        _sdata = .
 *(.data)
 *(.data*)
 .data.SystemCoreClock
                0x20000000        0x4 ./Core/Src/system_stm32f1xx.o
                0x20000000                SystemCoreClock
 .data.uwTickPrio
                0x20000004        0x4 ./Drivers/STM32F1xx_HAL_Driver/Src/stm32f1xx_hal.o
                0x20000004                uwTickPrio
 .data.uwTickFreq
                0x20000008        0x1 ./Drivers/STM32F1xx_HAL_Driver/Src/stm32f1xx_hal.o
                0x20000008                uwTickFreq
 *fill*         0x20000009        0x3 
 .data.uxCriticalNesting
                0x2000000c        0x4 ./Middlewares/Third_Party/FreeRTOS/Source/portable/GCC/ARM_CM3/port.o
 .data._impure_ptr
                0x20000010        0x4 D:/Logiciels/STM32cubeIDE/STM32CubeIDE_1.18.0/STM32CubeIDE/plugins/com.st.stm32cube.ide.mcu.externaltools.gnu-tools-for-stm32.13.3.rel1.win32_1.0.0.202411081344/tools/bin/../lib/gcc/arm-none-eabi/13.3.1/../../../../arm-none-eabi/lib/thumb/v7-m/nofp\libc_nano.a(libc_a-impure.o)
                0x20000010                _impure_ptr
 .data._impure_data
                0x20000014       0x4c D:/Logiciels/STM32cubeIDE/STM32CubeIDE_1.18.0/STM32CubeIDE/plugins/com.st.stm32cube.ide.mcu.externaltools.gnu-tools-for-stm32.13.3.rel1.win32_1.0.0.202411081344/tools/bin/../lib/gcc/arm-none-eabi/13.3.1/../../../../arm-none-eabi/lib/thumb/v7-m/nofp\libc_nano.a(libc_a-impure.o)
                0x20000014                _impure_data
 *(.RamFunc)
 *(.RamFunc*)
                0x20000060                        . = ALIGN (0x4)
                0x20000060                        _edata = .

.igot.plt       0x20000060        0x0 load address 0x08007020
 .igot.plt      0x20000060        0x0 D:/Logiciels/STM32cubeIDE/STM32CubeIDE_1.18.0/STM32CubeIDE/plugins/com.st.stm32cube.ide.mcu.externaltools.gnu-tools-for-stm32.13.3.rel1.win32_1.0.0.202411081344/tools/bin/../lib/gcc/arm-none-eabi/13.3.1/thumb/v7-m/nofp/crtbegin.o
                0x20000060                        . = ALIGN (0x4)

.bss            0x20000060     0x1e24 load address 0x08007020
                0x20000060                        _sbss = .
                0x20000060                        __bss_start__ = _sbss
 *(.bss)
 .bss           0x20000060       0x1c D:/Logiciels/STM32cubeIDE/STM32CubeIDE_1.18.0/STM32CubeIDE/plugins/com.st.stm32cube.ide.mcu.externaltools.gnu-tools-for-stm32.13.3.rel1.win32_1.0.0.202411081344/tools/bin/../lib/gcc/arm-none-eabi/13.3.1/thumb/v7-m/nofp/crtbegin.o
 *(.bss*)
 .bss.state     0x2000007c        0x1 ./Core/Src/StateMachine.o
                0x2000007c                state
 *fill*         0x2000007d        0x3 
 .bss.per_value
                0x20000080        0x4 ./Core/Src/StateMachine.o
                0x20000080                per_value
 .bss.action_done.0
                0x20000084        0x1 ./Core/Src/StateMachine.o
 *fill*         0x20000085        0x3 
 .bss.xIdleTaskTCBBuffer
                0x20000088       0xa8 ./Core/Src/freertos.o
 .bss.xIdleStack
                0x20000130      0x200 ./Core/Src/freertos.o
 .bss.hadc1     0x20000330       0x30 ./Core/Src/main.o
                0x20000330                hadc1
 .bss.hi2c1     0x20000360       0x54 ./Core/Src/main.o
                0x20000360                hi2c1
 .bss.htim1     0x200003b4       0x48 ./Core/Src/main.o
                0x200003b4                htim1
 .bss.huart2    0x200003fc       0x48 ./Core/Src/main.o
                0x200003fc                huart2
 .bss.defaultTaskHandle
                0x20000444        0x4 ./Core/Src/main.o
                0x20000444                defaultTaskHandle
 .bss.StateMachineTaskHandle
                0x20000448        0x4 ./Core/Src/main.o
                0x20000448                StateMachineTaskHandle
 .bss.htim2     0x2000044c       0x48 ./Core/Src/stm32f1xx_hal_timebase_tim.o
                0x2000044c                htim2
 .bss.__sbrk_heap_end
                0x20000494        0x4 ./Core/Src/sysmem.o
 .bss.huart1    0x20000498       0x48 ./Core/Src/uart.o
                0x20000498                huart1
 .bss.message_complete1
                0x200004e0        0x1 ./Core/Src/uart.o
                0x200004e0                message_complete1
 *fill*         0x200004e1        0x3 
 .bss.rx_buffer1
                0x200004e4       0x64 ./Core/Src/uart.o
                0x200004e4                rx_buffer1
 .bss.huart3    0x20000548       0x48 ./Core/Src/uart.o
                0x20000548                huart3
 .bss.message_complete3
                0x20000590        0x1 ./Core/Src/uart.o
                0x20000590                message_complete3
 *fill*         0x20000591        0x3 
 .bss.rx_buffer3
                0x20000594       0x64 ./Core/Src/uart.o
                0x20000594                rx_buffer3
 .bss.uwTick    0x200005f8        0x4 ./Drivers/STM32F1xx_HAL_Driver/Src/stm32f1xx_hal.o
                0x200005f8                uwTick
 .bss.KernelState
                0x200005fc        0x4 ./Middlewares/Third_Party/FreeRTOS/Source/CMSIS_RTOS_V2/cmsis_os2.o
 .bss.Timer_TCB.1
                0x20000600       0xa8 ./Middlewares/Third_Party/FreeRTOS/Source/CMSIS_RTOS_V2/cmsis_os2.o
 .bss.Timer_Stack.0
                0x200006a8      0x400 ./Middlewares/Third_Party/FreeRTOS/Source/CMSIS_RTOS_V2/cmsis_os2.o
 .bss.xQueueRegistry
                0x20000aa8       0x40 ./Middlewares/Third_Party/FreeRTOS/Source/queue.o
                0x20000aa8                xQueueRegistry
 .bss.pxCurrentTCB
                0x20000ae8        0x4 ./Middlewares/Third_Party/FreeRTOS/Source/tasks.o
                0x20000ae8                pxCurrentTCB
 .bss.pxReadyTasksLists
                0x20000aec      0x460 ./Middlewares/Third_Party/FreeRTOS/Source/tasks.o
 .bss.xDelayedTaskList1
                0x20000f4c       0x14 ./Middlewares/Third_Party/FreeRTOS/Source/tasks.o
 .bss.xDelayedTaskList2
                0x20000f60       0x14 ./Middlewares/Third_Party/FreeRTOS/Source/tasks.o
 .bss.pxDelayedTaskList
                0x20000f74        0x4 ./Middlewares/Third_Party/FreeRTOS/Source/tasks.o
 .bss.pxOverflowDelayedTaskList
                0x20000f78        0x4 ./Middlewares/Third_Party/FreeRTOS/Source/tasks.o
 .bss.xPendingReadyList
                0x20000f7c       0x14 ./Middlewares/Third_Party/FreeRTOS/Source/tasks.o
 .bss.xTasksWaitingTermination
                0x20000f90       0x14 ./Middlewares/Third_Party/FreeRTOS/Source/tasks.o
 .bss.uxDeletedTasksWaitingCleanUp
                0x20000fa4        0x4 ./Middlewares/Third_Party/FreeRTOS/Source/tasks.o
 .bss.xSuspendedTaskList
                0x20000fa8       0x14 ./Middlewares/Third_Party/FreeRTOS/Source/tasks.o
 .bss.uxCurrentNumberOfTasks
                0x20000fbc        0x4 ./Middlewares/Third_Party/FreeRTOS/Source/tasks.o
 .bss.xTickCount
                0x20000fc0        0x4 ./Middlewares/Third_Party/FreeRTOS/Source/tasks.o
 .bss.uxTopReadyPriority
                0x20000fc4        0x4 ./Middlewares/Third_Party/FreeRTOS/Source/tasks.o
 .bss.xSchedulerRunning
                0x20000fc8        0x4 ./Middlewares/Third_Party/FreeRTOS/Source/tasks.o
 .bss.xPendedTicks
                0x20000fcc        0x4 ./Middlewares/Third_Party/FreeRTOS/Source/tasks.o
 .bss.xYieldPending
                0x20000fd0        0x4 ./Middlewares/Third_Party/FreeRTOS/Source/tasks.o
 .bss.xNumOfOverflows
                0x20000fd4        0x4 ./Middlewares/Third_Party/FreeRTOS/Source/tasks.o
 .bss.uxTaskNumber
                0x20000fd8        0x4 ./Middlewares/Third_Party/FreeRTOS/Source/tasks.o
 .bss.xNextTaskUnblockTime
                0x20000fdc        0x4 ./Middlewares/Third_Party/FreeRTOS/Source/tasks.o
 .bss.xIdleTaskHandle
                0x20000fe0        0x4 ./Middlewares/Third_Party/FreeRTOS/Source/tasks.o
 .bss.uxSchedulerSuspended
                0x20000fe4        0x4 ./Middlewares/Third_Party/FreeRTOS/Source/tasks.o
 .bss.xActiveTimerList1
                0x20000fe8       0x14 ./Middlewares/Third_Party/FreeRTOS/Source/timers.o
 .bss.xActiveTimerList2
                0x20000ffc       0x14 ./Middlewares/Third_Party/FreeRTOS/Source/timers.o
 .bss.pxCurrentTimerList
                0x20001010        0x4 ./Middlewares/Third_Party/FreeRTOS/Source/timers.o
 .bss.pxOverflowTimerList
                0x20001014        0x4 ./Middlewares/Third_Party/FreeRTOS/Source/timers.o
 .bss.xTimerQueue
                0x20001018        0x4 ./Middlewares/Third_Party/FreeRTOS/Source/timers.o
 .bss.xTimerTaskHandle
                0x2000101c        0x4 ./Middlewares/Third_Party/FreeRTOS/Source/timers.o
 .bss.xLastTime.2
                0x20001020        0x4 ./Middlewares/Third_Party/FreeRTOS/Source/timers.o
 .bss.ucStaticTimerQueueStorage.1
                0x20001024       0xa0 ./Middlewares/Third_Party/FreeRTOS/Source/timers.o
 .bss.xStaticTimerQueue.0
                0x200010c4       0x50 ./Middlewares/Third_Party/FreeRTOS/Source/timers.o
 .bss.ucMaxSysCallPriority
                0x20001114        0x1 ./Middlewares/Third_Party/FreeRTOS/Source/portable/GCC/ARM_CM3/port.o
 *fill*         0x20001115        0x3 
 .bss.ulMaxPRIGROUPValue
                0x20001118        0x4 ./Middlewares/Third_Party/FreeRTOS/Source/portable/GCC/ARM_CM3/port.o
 .bss.ucHeap    0x2000111c      0xc00 ./Middlewares/Third_Party/FreeRTOS/Source/portable/MemMang/heap_4.o
 .bss.xStart    0x20001d1c        0x8 ./Middlewares/Third_Party/FreeRTOS/Source/portable/MemMang/heap_4.o
 .bss.pxEnd     0x20001d24        0x4 ./Middlewares/Third_Party/FreeRTOS/Source/portable/MemMang/heap_4.o
 .bss.xFreeBytesRemaining
                0x20001d28        0x4 ./Middlewares/Third_Party/FreeRTOS/Source/portable/MemMang/heap_4.o
 .bss.xMinimumEverFreeBytesRemaining
                0x20001d2c        0x4 ./Middlewares/Third_Party/FreeRTOS/Source/portable/MemMang/heap_4.o
 .bss.xNumberOfSuccessfulAllocations
                0x20001d30        0x4 ./Middlewares/Third_Party/FreeRTOS/Source/portable/MemMang/heap_4.o
 .bss.xNumberOfSuccessfulFrees
                0x20001d34        0x4 ./Middlewares/Third_Party/FreeRTOS/Source/portable/MemMang/heap_4.o
 .bss.xBlockAllocatedBit
                0x20001d38        0x4 ./Middlewares/Third_Party/FreeRTOS/Source/portable/MemMang/heap_4.o
 .bss.__sf      0x20001d3c      0x138 D:/Logiciels/STM32cubeIDE/STM32CubeIDE_1.18.0/STM32CubeIDE/plugins/com.st.stm32cube.ide.mcu.externaltools.gnu-tools-for-stm32.13.3.rel1.win32_1.0.0.202411081344/tools/bin/../lib/gcc/arm-none-eabi/13.3.1/../../../../arm-none-eabi/lib/thumb/v7-m/nofp\libc_nano.a(libc_a-findfp.o)
                0x20001d3c                __sf
 .bss.errno     0x20001e74        0x4 D:/Logiciels/STM32cubeIDE/STM32CubeIDE_1.18.0/STM32CubeIDE/plugins/com.st.stm32cube.ide.mcu.externaltools.gnu-tools-for-stm32.13.3.rel1.win32_1.0.0.202411081344/tools/bin/../lib/gcc/arm-none-eabi/13.3.1/../../../../arm-none-eabi/lib/thumb/v7-m/nofp\libc_nano.a(libc_a-reent.o)
                0x20001e74                errno
 .bss.__lock___malloc_recursive_mutex
                0x20001e78        0x1 D:/Logiciels/STM32cubeIDE/STM32CubeIDE_1.18.0/STM32CubeIDE/plugins/com.st.stm32cube.ide.mcu.externaltools.gnu-tools-for-stm32.13.3.rel1.win32_1.0.0.202411081344/tools/bin/../lib/gcc/arm-none-eabi/13.3.1/../../../../arm-none-eabi/lib/thumb/v7-m/nofp\libc_nano.a(libc_a-lock.o)
                0x20001e78                __lock___malloc_recursive_mutex
 *fill*         0x20001e79        0x3 
 .bss.__malloc_sbrk_start
                0x20001e7c        0x4 D:/Logiciels/STM32cubeIDE/STM32CubeIDE_1.18.0/STM32CubeIDE/plugins/com.st.stm32cube.ide.mcu.externaltools.gnu-tools-for-stm32.13.3.rel1.win32_1.0.0.202411081344/tools/bin/../lib/gcc/arm-none-eabi/13.3.1/../../../../arm-none-eabi/lib/thumb/v7-m/nofp\libc_nano.a(libc_a-mallocr.o)
                0x20001e7c                __malloc_sbrk_start
 .bss.__malloc_free_list
                0x20001e80        0x4 D:/Logiciels/STM32cubeIDE/STM32CubeIDE_1.18.0/STM32CubeIDE/plugins/com.st.stm32cube.ide.mcu.externaltools.gnu-tools-for-stm32.13.3.rel1.win32_1.0.0.202411081344/tools/bin/../lib/gcc/arm-none-eabi/13.3.1/../../../../arm-none-eabi/lib/thumb/v7-m/nofp\libc_nano.a(libc_a-mallocr.o)
                0x20001e80                __malloc_free_list
 *(COMMON)
                0x20001e84                        . = ALIGN (0x4)
                0x20001e84                        _ebss = .
                0x20001e84                        __bss_end__ = _ebss

._user_heap_stack
                0x20001e84      0x604 load address 0x08007020
                0x20001e88                        . = ALIGN (0x8)
 *fill*         0x20001e84        0x4 
                [!provide]                        PROVIDE (end = .)
                0x20001e88                        PROVIDE (_end = .)
                0x20002088                        . = (. + _Min_Heap_Size)
 *fill*         0x20001e88      0x200 
                0x20002488                        . = (. + _Min_Stack_Size)
 *fill*         0x20002088      0x400 
                0x20002488                        . = ALIGN (0x8)

/DISCARD/
 libc.a(*)
 libm.a(*)
 libgcc.a(*)

.ARM.attributes
                0x00000000       0x29
 *(.ARM.attributes)
 .ARM.attributes
                0x00000000       0x1d D:/Logiciels/STM32cubeIDE/STM32CubeIDE_1.18.0/STM32CubeIDE/plugins/com.st.stm32cube.ide.mcu.externaltools.gnu-tools-for-stm32.13.3.rel1.win32_1.0.0.202411081344/tools/bin/../lib/gcc/arm-none-eabi/13.3.1/thumb/v7-m/nofp/crti.o
 .ARM.attributes
                0x0000001d       0x2d D:/Logiciels/STM32cubeIDE/STM32CubeIDE_1.18.0/STM32CubeIDE/plugins/com.st.stm32cube.ide.mcu.externaltools.gnu-tools-for-stm32.13.3.rel1.win32_1.0.0.202411081344/tools/bin/../lib/gcc/arm-none-eabi/13.3.1/thumb/v7-m/nofp/crtbegin.o
 .ARM.attributes
                0x0000004a       0x2d ./Core/Src/StateMachine.o
 .ARM.attributes
                0x00000077       0x2d ./Core/Src/freertos.o
 .ARM.attributes
                0x000000a4       0x2d ./Core/Src/main.o
 .ARM.attributes
                0x000000d1       0x2d ./Core/Src/stm32f1xx_hal_msp.o
 .ARM.attributes
                0x000000fe       0x2d ./Core/Src/stm32f1xx_hal_timebase_tim.o
 .ARM.attributes
                0x0000012b       0x2d ./Core/Src/stm32f1xx_it.o
 .ARM.attributes
                0x00000158       0x2d ./Core/Src/sysmem.o
 .ARM.attributes
                0x00000185       0x2d ./Core/Src/system_stm32f1xx.o
 .ARM.attributes
                0x000001b2       0x2d ./Core/Src/uart.o
 .ARM.attributes
                0x000001df       0x21 ./Core/Startup/startup_stm32f103c8tx.o
 .ARM.attributes
                0x00000200       0x2d ./Drivers/STM32F1xx_HAL_Driver/Src/stm32f1xx_hal.o
 .ARM.attributes
                0x0000022d       0x2d ./Drivers/STM32F1xx_HAL_Driver/Src/stm32f1xx_hal_adc.o
 .ARM.attributes
                0x0000025a       0x2d ./Drivers/STM32F1xx_HAL_Driver/Src/stm32f1xx_hal_cortex.o
 .ARM.attributes
                0x00000287       0x2d ./Drivers/STM32F1xx_HAL_Driver/Src/stm32f1xx_hal_gpio.o
 .ARM.attributes
                0x000002b4       0x2d ./Drivers/STM32F1xx_HAL_Driver/Src/stm32f1xx_hal_i2c.o
 .ARM.attributes
                0x000002e1       0x2d ./Drivers/STM32F1xx_HAL_Driver/Src/stm32f1xx_hal_rcc.o
 .ARM.attributes
                0x0000030e       0x2d ./Drivers/STM32F1xx_HAL_Driver/Src/stm32f1xx_hal_rcc_ex.o
 .ARM.attributes
                0x0000033b       0x2d ./Drivers/STM32F1xx_HAL_Driver/Src/stm32f1xx_hal_tim.o
 .ARM.attributes
                0x00000368       0x2d ./Drivers/STM32F1xx_HAL_Driver/Src/stm32f1xx_hal_tim_ex.o
 .ARM.attributes
                0x00000395       0x2d ./Drivers/STM32F1xx_HAL_Driver/Src/stm32f1xx_hal_uart.o
 .ARM.attributes
                0x000003c2       0x2d ./Middlewares/Third_Party/FreeRTOS/Source/CMSIS_RTOS_V2/cmsis_os2.o
 .ARM.attributes
                0x000003ef       0x2d ./Middlewares/Third_Party/FreeRTOS/Source/list.o
 .ARM.attributes
                0x0000041c       0x2d ./Middlewares/Third_Party/FreeRTOS/Source/queue.o
 .ARM.attributes
                0x00000449       0x2d ./Middlewares/Third_Party/FreeRTOS/Source/tasks.o
 .ARM.attributes
                0x00000476       0x2d ./Middlewares/Third_Party/FreeRTOS/Source/timers.o
 .ARM.attributes
                0x000004a3       0x2d ./Middlewares/Third_Party/FreeRTOS/Source/portable/GCC/ARM_CM3/port.o
 .ARM.attributes
                0x000004d0       0x2d ./Middlewares/Third_Party/FreeRTOS/Source/portable/MemMang/heap_4.o
 .ARM.attributes
                0x000004fd       0x2d D:/Logiciels/STM32cubeIDE/STM32CubeIDE_1.18.0/STM32CubeIDE/plugins/com.st.stm32cube.ide.mcu.externaltools.gnu-tools-for-stm32.13.3.rel1.win32_1.0.0.202411081344/tools/bin/../lib/gcc/arm-none-eabi/13.3.1/../../../../arm-none-eabi/lib/thumb/v7-m/nofp\libc_nano.a(libc_a-findfp.o)
 .ARM.attributes
                0x0000052a       0x2d D:/Logiciels/STM32cubeIDE/STM32CubeIDE_1.18.0/STM32CubeIDE/plugins/com.st.stm32cube.ide.mcu.externaltools.gnu-tools-for-stm32.13.3.rel1.win32_1.0.0.202411081344/tools/bin/../lib/gcc/arm-none-eabi/13.3.1/../../../../arm-none-eabi/lib/thumb/v7-m/nofp\libc_nano.a(libc_a-sprintf.o)
 .ARM.attributes
                0x00000557       0x2d D:/Logiciels/STM32cubeIDE/STM32CubeIDE_1.18.0/STM32CubeIDE/plugins/com.st.stm32cube.ide.mcu.externaltools.gnu-tools-for-stm32.13.3.rel1.win32_1.0.0.202411081344/tools/bin/../lib/gcc/arm-none-eabi/13.3.1/../../../../arm-none-eabi/lib/thumb/v7-m/nofp\libc_nano.a(libc_a-memset.o)
 .ARM.attributes
                0x00000584       0x2d D:/Logiciels/STM32cubeIDE/STM32CubeIDE_1.18.0/STM32CubeIDE/plugins/com.st.stm32cube.ide.mcu.externaltools.gnu-tools-for-stm32.13.3.rel1.win32_1.0.0.202411081344/tools/bin/../lib/gcc/arm-none-eabi/13.3.1/../../../../arm-none-eabi/lib/thumb/v7-m/nofp\libc_nano.a(libc_a-strstr.o)
 .ARM.attributes
                0x000005b1       0x2d D:/Logiciels/STM32cubeIDE/STM32CubeIDE_1.18.0/STM32CubeIDE/plugins/com.st.stm32cube.ide.mcu.externaltools.gnu-tools-for-stm32.13.3.rel1.win32_1.0.0.202411081344/tools/bin/../lib/gcc/arm-none-eabi/13.3.1/../../../../arm-none-eabi/lib/thumb/v7-m/nofp\libc_nano.a(libc_a-reent.o)
 .ARM.attributes
                0x000005de       0x2d D:/Logiciels/STM32cubeIDE/STM32CubeIDE_1.18.0/STM32CubeIDE/plugins/com.st.stm32cube.ide.mcu.externaltools.gnu-tools-for-stm32.13.3.rel1.win32_1.0.0.202411081344/tools/bin/../lib/gcc/arm-none-eabi/13.3.1/../../../../arm-none-eabi/lib/thumb/v7-m/nofp\libc_nano.a(libc_a-impure.o)
 .ARM.attributes
                0x0000060b       0x2d D:/Logiciels/STM32cubeIDE/STM32CubeIDE_1.18.0/STM32CubeIDE/plugins/com.st.stm32cube.ide.mcu.externaltools.gnu-tools-for-stm32.13.3.rel1.win32_1.0.0.202411081344/tools/bin/../lib/gcc/arm-none-eabi/13.3.1/../../../../arm-none-eabi/lib/thumb/v7-m/nofp\libc_nano.a(libc_a-errno.o)
 .ARM.attributes
                0x00000638       0x2d D:/Logiciels/STM32cubeIDE/STM32CubeIDE_1.18.0/STM32CubeIDE/plugins/com.st.stm32cube.ide.mcu.externaltools.gnu-tools-for-stm32.13.3.rel1.win32_1.0.0.202411081344/tools/bin/../lib/gcc/arm-none-eabi/13.3.1/../../../../arm-none-eabi/lib/thumb/v7-m/nofp\libc_nano.a(libc_a-init.o)
 .ARM.attributes
                0x00000665       0x2d D:/Logiciels/STM32cubeIDE/STM32CubeIDE_1.18.0/STM32CubeIDE/plugins/com.st.stm32cube.ide.mcu.externaltools.gnu-tools-for-stm32.13.3.rel1.win32_1.0.0.202411081344/tools/bin/../lib/gcc/arm-none-eabi/13.3.1/../../../../arm-none-eabi/lib/thumb/v7-m/nofp\libc_nano.a(libc_a-lock.o)
 .ARM.attributes
                0x00000692       0x2d D:/Logiciels/STM32cubeIDE/STM32CubeIDE_1.18.0/STM32CubeIDE/plugins/com.st.stm32cube.ide.mcu.externaltools.gnu-tools-for-stm32.13.3.rel1.win32_1.0.0.202411081344/tools/bin/../lib/gcc/arm-none-eabi/13.3.1/../../../../arm-none-eabi/lib/thumb/v7-m/nofp\libc_nano.a(libc_a-strcpy.o)
 .ARM.attributes
                0x000006bf       0x2d D:/Logiciels/STM32cubeIDE/STM32CubeIDE_1.18.0/STM32CubeIDE/plugins/com.st.stm32cube.ide.mcu.externaltools.gnu-tools-for-stm32.13.3.rel1.win32_1.0.0.202411081344/tools/bin/../lib/gcc/arm-none-eabi/13.3.1/../../../../arm-none-eabi/lib/thumb/v7-m/nofp\libc_nano.a(libc_a-memcpy-stub.o)
 .ARM.attributes
                0x000006ec       0x17 D:/Logiciels/STM32cubeIDE/STM32CubeIDE_1.18.0/STM32CubeIDE/plugins/com.st.stm32cube.ide.mcu.externaltools.gnu-tools-for-stm32.13.3.rel1.win32_1.0.0.202411081344/tools/bin/../lib/gcc/arm-none-eabi/13.3.1/../../../../arm-none-eabi/lib/thumb/v7-m/nofp\libc_nano.a(libc_a-strlen.o)
 .ARM.attributes
                0x00000703       0x2d D:/Logiciels/STM32cubeIDE/STM32CubeIDE_1.18.0/STM32CubeIDE/plugins/com.st.stm32cube.ide.mcu.externaltools.gnu-tools-for-stm32.13.3.rel1.win32_1.0.0.202411081344/tools/bin/../lib/gcc/arm-none-eabi/13.3.1/../../../../arm-none-eabi/lib/thumb/v7-m/nofp\libc_nano.a(libc_a-freer.o)
 .ARM.attributes
                0x00000730       0x2d D:/Logiciels/STM32cubeIDE/STM32CubeIDE_1.18.0/STM32CubeIDE/plugins/com.st.stm32cube.ide.mcu.externaltools.gnu-tools-for-stm32.13.3.rel1.win32_1.0.0.202411081344/tools/bin/../lib/gcc/arm-none-eabi/13.3.1/../../../../arm-none-eabi/lib/thumb/v7-m/nofp\libc_nano.a(libc_a-mallocr.o)
 .ARM.attributes
                0x0000075d       0x2d D:/Logiciels/STM32cubeIDE/STM32CubeIDE_1.18.0/STM32CubeIDE/plugins/com.st.stm32cube.ide.mcu.externaltools.gnu-tools-for-stm32.13.3.rel1.win32_1.0.0.202411081344/tools/bin/../lib/gcc/arm-none-eabi/13.3.1/../../../../arm-none-eabi/lib/thumb/v7-m/nofp\libc_nano.a(libc_a-mlock.o)
 .ARM.attributes
                0x0000078a       0x2d D:/Logiciels/STM32cubeIDE/STM32CubeIDE_1.18.0/STM32CubeIDE/plugins/com.st.stm32cube.ide.mcu.externaltools.gnu-tools-for-stm32.13.3.rel1.win32_1.0.0.202411081344/tools/bin/../lib/gcc/arm-none-eabi/13.3.1/../../../../arm-none-eabi/lib/thumb/v7-m/nofp\libc_nano.a(libc_a-nano-svfprintf.o)
 .ARM.attributes
                0x000007b7       0x2d D:/Logiciels/STM32cubeIDE/STM32CubeIDE_1.18.0/STM32CubeIDE/plugins/com.st.stm32cube.ide.mcu.externaltools.gnu-tools-for-stm32.13.3.rel1.win32_1.0.0.202411081344/tools/bin/../lib/gcc/arm-none-eabi/13.3.1/../../../../arm-none-eabi/lib/thumb/v7-m/nofp\libc_nano.a(libc_a-nano-vfprintf_i.o)
 .ARM.attributes
                0x000007e4       0x2d D:/Logiciels/STM32cubeIDE/STM32CubeIDE_1.18.0/STM32CubeIDE/plugins/com.st.stm32cube.ide.mcu.externaltools.gnu-tools-for-stm32.13.3.rel1.win32_1.0.0.202411081344/tools/bin/../lib/gcc/arm-none-eabi/13.3.1/../../../../arm-none-eabi/lib/thumb/v7-m/nofp\libc_nano.a(libc_a-memmove.o)
 .ARM.attributes
                0x00000811       0x2d D:/Logiciels/STM32cubeIDE/STM32CubeIDE_1.18.0/STM32CubeIDE/plugins/com.st.stm32cube.ide.mcu.externaltools.gnu-tools-for-stm32.13.3.rel1.win32_1.0.0.202411081344/tools/bin/../lib/gcc/arm-none-eabi/13.3.1/../../../../arm-none-eabi/lib/thumb/v7-m/nofp\libc_nano.a(libc_a-sbrkr.o)
 .ARM.attributes
                0x0000083e       0x2d D:/Logiciels/STM32cubeIDE/STM32CubeIDE_1.18.0/STM32CubeIDE/plugins/com.st.stm32cube.ide.mcu.externaltools.gnu-tools-for-stm32.13.3.rel1.win32_1.0.0.202411081344/tools/bin/../lib/gcc/arm-none-eabi/13.3.1/../../../../arm-none-eabi/lib/thumb/v7-m/nofp\libc_nano.a(libc_a-memchr-stub.o)
 .ARM.attributes
                0x0000086b       0x2d D:/Logiciels/STM32cubeIDE/STM32CubeIDE_1.18.0/STM32CubeIDE/plugins/com.st.stm32cube.ide.mcu.externaltools.gnu-tools-for-stm32.13.3.rel1.win32_1.0.0.202411081344/tools/bin/../lib/gcc/arm-none-eabi/13.3.1/../../../../arm-none-eabi/lib/thumb/v7-m/nofp\libc_nano.a(libc_a-reallocr.o)
 .ARM.attributes
                0x00000898       0x2d D:/Logiciels/STM32cubeIDE/STM32CubeIDE_1.18.0/STM32CubeIDE/plugins/com.st.stm32cube.ide.mcu.externaltools.gnu-tools-for-stm32.13.3.rel1.win32_1.0.0.202411081344/tools/bin/../lib/gcc/arm-none-eabi/13.3.1/../../../../arm-none-eabi/lib/thumb/v7-m/nofp\libc_nano.a(libc_a-msizer.o)
 .ARM.attributes
                0x000008c5       0x1d D:/Logiciels/STM32cubeIDE/STM32CubeIDE_1.18.0/STM32CubeIDE/plugins/com.st.stm32cube.ide.mcu.externaltools.gnu-tools-for-stm32.13.3.rel1.win32_1.0.0.202411081344/tools/bin/../lib/gcc/arm-none-eabi/13.3.1/thumb/v7-m/nofp\libgcc.a(_arm_cmpsf2.o)
 .ARM.attributes
                0x000008e2       0x1d D:/Logiciels/STM32cubeIDE/STM32CubeIDE_1.18.0/STM32CubeIDE/plugins/com.st.stm32cube.ide.mcu.externaltools.gnu-tools-for-stm32.13.3.rel1.win32_1.0.0.202411081344/tools/bin/../lib/gcc/arm-none-eabi/13.3.1/thumb/v7-m/nofp/crtn.o
OUTPUT(MCU.elf elf32-littlearm)
LOAD linker stubs
LOAD D:/Logiciels/STM32cubeIDE/STM32CubeIDE_1.18.0/STM32CubeIDE/plugins/com.st.stm32cube.ide.mcu.externaltools.gnu-tools-for-stm32.13.3.rel1.win32_1.0.0.202411081344/tools/bin/../lib/gcc/arm-none-eabi/13.3.1/../../../../arm-none-eabi/lib/thumb/v7-m/nofp\libc.a
LOAD D:/Logiciels/STM32cubeIDE/STM32CubeIDE_1.18.0/STM32CubeIDE/plugins/com.st.stm32cube.ide.mcu.externaltools.gnu-tools-for-stm32.13.3.rel1.win32_1.0.0.202411081344/tools/bin/../lib/gcc/arm-none-eabi/13.3.1/../../../../arm-none-eabi/lib/thumb/v7-m/nofp\libm.a
LOAD D:/Logiciels/STM32cubeIDE/STM32CubeIDE_1.18.0/STM32CubeIDE/plugins/com.st.stm32cube.ide.mcu.externaltools.gnu-tools-for-stm32.13.3.rel1.win32_1.0.0.202411081344/tools/bin/../lib/gcc/arm-none-eabi/13.3.1/thumb/v7-m/nofp\libgcc.a

.debug_info     0x00000000    0x1c13c
 .debug_info    0x00000000      0x45b ./Core/Src/StateMachine.o
 .debug_info    0x0000045b      0x927 ./Core/Src/freertos.o
 .debug_info    0x00000d82     0x17ec ./Core/Src/main.o
 .debug_info    0x0000256e     0x1368 ./Core/Src/stm32f1xx_hal_msp.o
 .debug_info    0x000038d6      0x9a8 ./Core/Src/stm32f1xx_hal_timebase_tim.o
 .debug_info    0x0000427e      0x66a ./Core/Src/stm32f1xx_it.o
 .debug_info    0x000048e8      0x168 ./Core/Src/sysmem.o
 .debug_info    0x00004a50      0x222 ./Core/Src/system_stm32f1xx.o
 .debug_info    0x00004c72      0x7ac ./Core/Src/uart.o
 .debug_info    0x0000541e       0x30 ./Core/Startup/startup_stm32f103c8tx.o
 .debug_info    0x0000544e      0x704 ./Drivers/STM32F1xx_HAL_Driver/Src/stm32f1xx_hal.o
 .debug_info    0x00005b52      0xc50 ./Drivers/STM32F1xx_HAL_Driver/Src/stm32f1xx_hal_adc.o
 .debug_info    0x000067a2      0xa87 ./Drivers/STM32F1xx_HAL_Driver/Src/stm32f1xx_hal_cortex.o
 .debug_info    0x00007229      0x5ab ./Drivers/STM32F1xx_HAL_Driver/Src/stm32f1xx_hal_gpio.o
 .debug_info    0x000077d4     0x2524 ./Drivers/STM32F1xx_HAL_Driver/Src/stm32f1xx_hal_i2c.o
 .debug_info    0x00009cf8      0x7d5 ./Drivers/STM32F1xx_HAL_Driver/Src/stm32f1xx_hal_rcc.o
 .debug_info    0x0000a4cd      0x3c0 ./Drivers/STM32F1xx_HAL_Driver/Src/stm32f1xx_hal_rcc_ex.o
 .debug_info    0x0000a88d     0x2959 ./Drivers/STM32F1xx_HAL_Driver/Src/stm32f1xx_hal_tim.o
 .debug_info    0x0000d1e6     0x149b ./Drivers/STM32F1xx_HAL_Driver/Src/stm32f1xx_hal_tim_ex.o
 .debug_info    0x0000e681     0x2eed ./Drivers/STM32F1xx_HAL_Driver/Src/stm32f1xx_hal_uart.o
 .debug_info    0x0001156e     0x402c ./Middlewares/Third_Party/FreeRTOS/Source/CMSIS_RTOS_V2/cmsis_os2.o
 .debug_info    0x0001559a      0x2af ./Middlewares/Third_Party/FreeRTOS/Source/list.o
 .debug_info    0x00015849     0x1b79 ./Middlewares/Third_Party/FreeRTOS/Source/queue.o
 .debug_info    0x000173c2     0x28c1 ./Middlewares/Third_Party/FreeRTOS/Source/tasks.o
 .debug_info    0x00019c83     0x1b50 ./Middlewares/Third_Party/FreeRTOS/Source/timers.o
 .debug_info    0x0001b7d3      0x494 ./Middlewares/Third_Party/FreeRTOS/Source/portable/GCC/ARM_CM3/port.o
 .debug_info    0x0001bc67      0x4d5 ./Middlewares/Third_Party/FreeRTOS/Source/portable/MemMang/heap_4.o

.debug_abbrev   0x00000000     0x3dac
 .debug_abbrev  0x00000000      0x1c8 ./Core/Src/StateMachine.o
 .debug_abbrev  0x000001c8      0x16f ./Core/Src/freertos.o
 .debug_abbrev  0x00000337      0x31f ./Core/Src/main.o
 .debug_abbrev  0x00000656      0x239 ./Core/Src/stm32f1xx_hal_msp.o
 .debug_abbrev  0x0000088f      0x1f3 ./Core/Src/stm32f1xx_hal_timebase_tim.o
 .debug_abbrev  0x00000a82      0x17c ./Core/Src/stm32f1xx_it.o
 .debug_abbrev  0x00000bfe       0xbc ./Core/Src/sysmem.o
 .debug_abbrev  0x00000cba      0x13f ./Core/Src/system_stm32f1xx.o
 .debug_abbrev  0x00000df9      0x20a ./Core/Src/uart.o
 .debug_abbrev  0x00001003       0x24 ./Core/Startup/startup_stm32f103c8tx.o
 .debug_abbrev  0x00001027      0x201 ./Drivers/STM32F1xx_HAL_Driver/Src/stm32f1xx_hal.o
 .debug_abbrev  0x00001228      0x225 ./Drivers/STM32F1xx_HAL_Driver/Src/stm32f1xx_hal_adc.o
 .debug_abbrev  0x0000144d      0x2f8 ./Drivers/STM32F1xx_HAL_Driver/Src/stm32f1xx_hal_cortex.o
 .debug_abbrev  0x00001745      0x1ca ./Drivers/STM32F1xx_HAL_Driver/Src/stm32f1xx_hal_gpio.o
 .debug_abbrev  0x0000190f      0x2a3 ./Drivers/STM32F1xx_HAL_Driver/Src/stm32f1xx_hal_i2c.o
 .debug_abbrev  0x00001bb2      0x2b3 ./Drivers/STM32F1xx_HAL_Driver/Src/stm32f1xx_hal_rcc.o
 .debug_abbrev  0x00001e65      0x188 ./Drivers/STM32F1xx_HAL_Driver/Src/stm32f1xx_hal_rcc_ex.o
 .debug_abbrev  0x00001fed      0x277 ./Drivers/STM32F1xx_HAL_Driver/Src/stm32f1xx_hal_tim.o
 .debug_abbrev  0x00002264      0x282 ./Drivers/STM32F1xx_HAL_Driver/Src/stm32f1xx_hal_tim_ex.o
 .debug_abbrev  0x000024e6      0x2f8 ./Drivers/STM32F1xx_HAL_Driver/Src/stm32f1xx_hal_uart.o
 .debug_abbrev  0x000027de      0x548 ./Middlewares/Third_Party/FreeRTOS/Source/CMSIS_RTOS_V2/cmsis_os2.o
 .debug_abbrev  0x00002d26       0xf5 ./Middlewares/Third_Party/FreeRTOS/Source/list.o
 .debug_abbrev  0x00002e1b      0x3b6 ./Middlewares/Third_Party/FreeRTOS/Source/queue.o
 .debug_abbrev  0x000031d1      0x3fe ./Middlewares/Third_Party/FreeRTOS/Source/tasks.o
 .debug_abbrev  0x000035cf      0x368 ./Middlewares/Third_Party/FreeRTOS/Source/timers.o
 .debug_abbrev  0x00003937      0x258 ./Middlewares/Third_Party/FreeRTOS/Source/portable/GCC/ARM_CM3/port.o
 .debug_abbrev  0x00003b8f      0x21d ./Middlewares/Third_Party/FreeRTOS/Source/portable/MemMang/heap_4.o

.debug_aranges  0x00000000     0x1840
 .debug_aranges
                0x00000000       0x20 ./Core/Src/StateMachine.o
 .debug_aranges
                0x00000020       0x20 ./Core/Src/freertos.o
 .debug_aranges
                0x00000040       0x70 ./Core/Src/main.o
 .debug_aranges
                0x000000b0       0x60 ./Core/Src/stm32f1xx_hal_msp.o
 .debug_aranges
                0x00000110       0x30 ./Core/Src/stm32f1xx_hal_timebase_tim.o
 .debug_aranges
                0x00000140       0x50 ./Core/Src/stm32f1xx_it.o
 .debug_aranges
                0x00000190       0x20 ./Core/Src/sysmem.o
 .debug_aranges
                0x000001b0       0x28 ./Core/Src/system_stm32f1xx.o
 .debug_aranges
                0x000001d8       0x60 ./Core/Src/uart.o
 .debug_aranges
                0x00000238       0x28 ./Core/Startup/startup_stm32f103c8tx.o
 .debug_aranges
                0x00000260       0xe0 ./Drivers/STM32F1xx_HAL_Driver/Src/stm32f1xx_hal.o
 .debug_aranges
                0x00000340       0xf0 ./Drivers/STM32F1xx_HAL_Driver/Src/stm32f1xx_hal_adc.o
 .debug_aranges
                0x00000430      0x100 ./Drivers/STM32F1xx_HAL_Driver/Src/stm32f1xx_hal_cortex.o
 .debug_aranges
                0x00000530       0x58 ./Drivers/STM32F1xx_HAL_Driver/Src/stm32f1xx_hal_gpio.o
 .debug_aranges
                0x00000588      0x2a8 ./Drivers/STM32F1xx_HAL_Driver/Src/stm32f1xx_hal_i2c.o
 .debug_aranges
                0x00000830       0x90 ./Drivers/STM32F1xx_HAL_Driver/Src/stm32f1xx_hal_rcc.o
 .debug_aranges
                0x000008c0       0x30 ./Drivers/STM32F1xx_HAL_Driver/Src/stm32f1xx_hal_rcc_ex.o
 .debug_aranges
                0x000008f0      0x3d0 ./Drivers/STM32F1xx_HAL_Driver/Src/stm32f1xx_hal_tim.o
 .debug_aranges
                0x00000cc0      0x168 ./Drivers/STM32F1xx_HAL_Driver/Src/stm32f1xx_hal_tim_ex.o
 .debug_aranges
                0x00000e28      0x208 ./Drivers/STM32F1xx_HAL_Driver/Src/stm32f1xx_hal_uart.o
 .debug_aranges
                0x00001030      0x2b0 ./Middlewares/Third_Party/FreeRTOS/Source/CMSIS_RTOS_V2/cmsis_os2.o
 .debug_aranges
                0x000012e0       0x40 ./Middlewares/Third_Party/FreeRTOS/Source/list.o
 .debug_aranges
                0x00001320      0x158 ./Middlewares/Third_Party/FreeRTOS/Source/queue.o
 .debug_aranges
                0x00001478      0x208 ./Middlewares/Third_Party/FreeRTOS/Source/tasks.o
 .debug_aranges
                0x00001680       0xf0 ./Middlewares/Third_Party/FreeRTOS/Source/timers.o
 .debug_aranges
                0x00001770       0x78 ./Middlewares/Third_Party/FreeRTOS/Source/portable/GCC/ARM_CM3/port.o
 .debug_aranges
                0x000017e8       0x58 ./Middlewares/Third_Party/FreeRTOS/Source/portable/MemMang/heap_4.o

.debug_rnglists
                0x00000000     0x1323
 .debug_rnglists
                0x00000000       0x43 ./Core/Src/StateMachine.o
 .debug_rnglists
                0x00000043       0x13 ./Core/Src/freertos.o
 .debug_rnglists
                0x00000056       0x52 ./Core/Src/main.o
 .debug_rnglists
                0x000000a8       0x46 ./Core/Src/stm32f1xx_hal_msp.o
 .debug_rnglists
                0x000000ee       0x20 ./Core/Src/stm32f1xx_hal_timebase_tim.o
 .debug_rnglists
                0x0000010e       0x37 ./Core/Src/stm32f1xx_it.o
 .debug_rnglists
                0x00000145       0x13 ./Core/Src/sysmem.o
 .debug_rnglists
                0x00000158       0x1a ./Core/Src/system_stm32f1xx.o
 .debug_rnglists
                0x00000172       0x44 ./Core/Src/uart.o
 .debug_rnglists
                0x000001b6       0x19 ./Core/Startup/startup_stm32f103c8tx.o
 .debug_rnglists
                0x000001cf       0xa3 ./Drivers/STM32F1xx_HAL_Driver/Src/stm32f1xx_hal.o
 .debug_rnglists
                0x00000272       0xbc ./Drivers/STM32F1xx_HAL_Driver/Src/stm32f1xx_hal_adc.o
 .debug_rnglists
                0x0000032e       0xbb ./Drivers/STM32F1xx_HAL_Driver/Src/stm32f1xx_hal_cortex.o
 .debug_rnglists
                0x000003e9       0x3f ./Drivers/STM32F1xx_HAL_Driver/Src/stm32f1xx_hal_gpio.o
 .debug_rnglists
                0x00000428      0x23c ./Drivers/STM32F1xx_HAL_Driver/Src/stm32f1xx_hal_i2c.o
 .debug_rnglists
                0x00000664       0x6c ./Drivers/STM32F1xx_HAL_Driver/Src/stm32f1xx_hal_rcc.o
 .debug_rnglists
                0x000006d0       0x21 ./Drivers/STM32F1xx_HAL_Driver/Src/stm32f1xx_hal_rcc_ex.o
 .debug_rnglists
                0x000006f1      0x31a ./Drivers/STM32F1xx_HAL_Driver/Src/stm32f1xx_hal_tim.o
 .debug_rnglists
                0x00000a0b      0x125 ./Drivers/STM32F1xx_HAL_Driver/Src/stm32f1xx_hal_tim_ex.o
 .debug_rnglists
                0x00000b30      0x1bc ./Drivers/STM32F1xx_HAL_Driver/Src/stm32f1xx_hal_uart.o
 .debug_rnglists
                0x00000cec      0x212 ./Middlewares/Third_Party/FreeRTOS/Source/CMSIS_RTOS_V2/cmsis_os2.o
 .debug_rnglists
                0x00000efe       0x2b ./Middlewares/Third_Party/FreeRTOS/Source/list.o
 .debug_rnglists
                0x00000f29      0x109 ./Middlewares/Third_Party/FreeRTOS/Source/queue.o
 .debug_rnglists
                0x00001032      0x1a0 ./Middlewares/Third_Party/FreeRTOS/Source/tasks.o
 .debug_rnglists
                0x000011d2       0xb8 ./Middlewares/Third_Party/FreeRTOS/Source/timers.o
 .debug_rnglists
                0x0000128a       0x57 ./Middlewares/Third_Party/FreeRTOS/Source/portable/GCC/ARM_CM3/port.o
 .debug_rnglists
                0x000012e1       0x42 ./Middlewares/Third_Party/FreeRTOS/Source/portable/MemMang/heap_4.o

.debug_macro    0x00000000    0x1b694
 .debug_macro   0x00000000      0x2fe ./Core/Src/StateMachine.o
 .debug_macro   0x000002fe      0xacc ./Core/Src/StateMachine.o
 .debug_macro   0x00000dca      0x227 ./Core/Src/StateMachine.o
 .debug_macro   0x00000ff1       0x2e ./Core/Src/StateMachine.o
 .debug_macro   0x0000101f       0x22 ./Core/Src/StateMachine.o
 .debug_macro   0x00001041       0x22 ./Core/Src/StateMachine.o
 .debug_macro   0x00001063       0x8e ./Core/Src/StateMachine.o
 .debug_macro   0x000010f1       0x51 ./Core/Src/StateMachine.o
 .debug_macro   0x00001142      0x103 ./Core/Src/StateMachine.o
 .debug_macro   0x00001245       0x6a ./Core/Src/StateMachine.o
 .debug_macro   0x000012af      0x1df ./Core/Src/StateMachine.o
 .debug_macro   0x0000148e       0x1c ./Core/Src/StateMachine.o
 .debug_macro   0x000014aa       0x22 ./Core/Src/StateMachine.o
 .debug_macro   0x000014cc       0xbd ./Core/Src/StateMachine.o
 .debug_macro   0x00001589      0xd23 ./Core/Src/StateMachine.o
 .debug_macro   0x000022ac     0xe09e ./Core/Src/StateMachine.o
 .debug_macro   0x0001034a       0x6d ./Core/Src/StateMachine.o
 .debug_macro   0x000103b7     0x34a2 ./Core/Src/StateMachine.o
 .debug_macro   0x00013859      0x190 ./Core/Src/StateMachine.o
 .debug_macro   0x000139e9       0x5c ./Core/Src/StateMachine.o
 .debug_macro   0x00013a45      0x5bc ./Core/Src/StateMachine.o
 .debug_macro   0x00014001      0x289 ./Core/Src/StateMachine.o
 .debug_macro   0x0001428a      0x1cb ./Core/Src/StateMachine.o
 .debug_macro   0x00014455      0x114 ./Core/Src/StateMachine.o
 .debug_macro   0x00014569      0x1b2 ./Core/Src/StateMachine.o
 .debug_macro   0x0001471b       0x27 ./Core/Src/StateMachine.o
 .debug_macro   0x00014742      0x136 ./Core/Src/StateMachine.o
 .debug_macro   0x00014878      0x1bc ./Core/Src/StateMachine.o
 .debug_macro   0x00014a34       0x34 ./Core/Src/StateMachine.o
 .debug_macro   0x00014a68       0x3c ./Core/Src/StateMachine.o
 .debug_macro   0x00014aa4       0x57 ./Core/Src/StateMachine.o
 .debug_macro   0x00014afb      0x46a ./Core/Src/StateMachine.o
 .debug_macro   0x00014f65      0x1b5 ./Core/Src/StateMachine.o
 .debug_macro   0x0001511a       0x87 ./Core/Src/StateMachine.o
 .debug_macro   0x000151a1      0x240 ./Core/Src/StateMachine.o
 .debug_macro   0x000153e1      0x287 ./Core/Src/StateMachine.o
 .debug_macro   0x00015668      0x140 ./Core/Src/StateMachine.o
 .debug_macro   0x000157a8      0x8ed ./Core/Src/StateMachine.o
 .debug_macro   0x00016095      0x28e ./Core/Src/StateMachine.o
 .debug_macro   0x00016323       0x83 ./Core/Src/StateMachine.o
 .debug_macro   0x000163a6      0x190 ./Core/Src/StateMachine.o
 .debug_macro   0x00016536       0x22 ./Core/Src/StateMachine.o
 .debug_macro   0x00016558       0x10 ./Core/Src/StateMachine.o
 .debug_macro   0x00016568       0x61 ./Core/Src/StateMachine.o
 .debug_macro   0x000165c9       0x24 ./Core/Src/StateMachine.o
 .debug_macro   0x000165ed       0x43 ./Core/Src/StateMachine.o
 .debug_macro   0x00016630       0x34 ./Core/Src/StateMachine.o
 .debug_macro   0x00016664      0x370 ./Core/Src/StateMachine.o
 .debug_macro   0x000169d4       0x16 ./Core/Src/StateMachine.o
 .debug_macro   0x000169ea       0x4a ./Core/Src/StateMachine.o
 .debug_macro   0x00016a34       0x34 ./Core/Src/StateMachine.o
 .debug_macro   0x00016a68       0x10 ./Core/Src/StateMachine.o
 .debug_macro   0x00016a78       0x58 ./Core/Src/StateMachine.o
 .debug_macro   0x00016ad0       0x8e ./Core/Src/StateMachine.o
 .debug_macro   0x00016b5e       0x1c ./Core/Src/StateMachine.o
 .debug_macro   0x00016b7a      0x185 ./Core/Src/StateMachine.o
 .debug_macro   0x00016cff       0x10 ./Core/Src/StateMachine.o
 .debug_macro   0x00016d0f       0x3c ./Core/Src/StateMachine.o
 .debug_macro   0x00016d4b       0x20 ./Core/Src/StateMachine.o
 .debug_macro   0x00016d6b       0x1c ./Core/Src/StateMachine.o
 .debug_macro   0x00016d87       0x10 ./Core/Src/StateMachine.o
 .debug_macro   0x00016d97       0x1c ./Core/Src/StateMachine.o
 .debug_macro   0x00016db3       0x16 ./Core/Src/StateMachine.o
 .debug_macro   0x00016dc9      0x146 ./Core/Src/StateMachine.o
 .debug_macro   0x00016f0f      0x2e8 ./Core/Src/freertos.o
 .debug_macro   0x000171f7      0x137 ./Core/Src/freertos.o
 .debug_macro   0x0001732e      0x15a ./Core/Src/freertos.o
 .debug_macro   0x00017488       0xc9 ./Core/Src/freertos.o
 .debug_macro   0x00017551       0x1c ./Core/Src/freertos.o
 .debug_macro   0x0001756d       0x26 ./Core/Src/freertos.o
 .debug_macro   0x00017593       0x10 ./Core/Src/freertos.o
 .debug_macro   0x000175a3      0x4d4 ./Core/Src/freertos.o
 .debug_macro   0x00017a77       0xb5 ./Core/Src/freertos.o
 .debug_macro   0x00017b2c       0xaa ./Core/Src/freertos.o
 .debug_macro   0x00017bd6       0x56 ./Core/Src/freertos.o
 .debug_macro   0x00017c2c      0x39a ./Core/Src/main.o
 .debug_macro   0x00017fc6      0x137 ./Core/Src/main.o
 .debug_macro   0x000180fd       0x66 ./Core/Src/main.o
 .debug_macro   0x00018163       0x74 ./Core/Src/main.o
 .debug_macro   0x000181d7       0xdd ./Core/Src/main.o
 .debug_macro   0x000182b4       0x16 ./Core/Src/main.o
 .debug_macro   0x000182ca      0x1d0 ./Core/Src/stm32f1xx_hal_msp.o
 .debug_macro   0x0001849a      0x1c1 ./Core/Src/stm32f1xx_hal_timebase_tim.o
 .debug_macro   0x0001865b      0x1da ./Core/Src/stm32f1xx_it.o
 .debug_macro   0x00018835      0x112 ./Core/Src/sysmem.o
 .debug_macro   0x00018947      0x23c ./Core/Src/sysmem.o
 .debug_macro   0x00018b83      0x1c1 ./Core/Src/system_stm32f1xx.o
 .debug_macro   0x00018d44      0x2ba ./Core/Src/uart.o
 .debug_macro   0x00018ffe      0x1e5 ./Drivers/STM32F1xx_HAL_Driver/Src/stm32f1xx_hal.o
 .debug_macro   0x000191e3      0x1de ./Drivers/STM32F1xx_HAL_Driver/Src/stm32f1xx_hal_adc.o